Archive member included to satisfy reference by file (symbol)

/home/antodom/installations/ChibiStudio/tools/GNU Tools ARM Embedded/8.3.1 2019q3/bin/../lib/gcc/arm-none-eabi/8.3.1/../../../../arm-none-eabi/lib/thumb/v7e-m/nofp/libstdc++.a(eh_personality.o)
                              ./build/obj/main.o (symbol from plugin) (__gxx_personality_v0)
/home/antodom/installations/ChibiStudio/tools/GNU Tools ARM Embedded/8.3.1 2019q3/bin/../lib/gcc/arm-none-eabi/8.3.1/../../../../arm-none-eabi/lib/thumb/v7e-m/nofp/libstdc++.a(eh_call.o)
                              /home/antodom/installations/ChibiStudio/tools/GNU Tools ARM Embedded/8.3.1 2019q3/bin/../lib/gcc/arm-none-eabi/8.3.1/../../../../arm-none-eabi/lib/thumb/v7e-m/nofp/libstdc++.a(eh_personality.o) (__cxa_call_terminate)
/home/antodom/installations/ChibiStudio/tools/GNU Tools ARM Embedded/8.3.1 2019q3/bin/../lib/gcc/arm-none-eabi/8.3.1/../../../../arm-none-eabi/lib/thumb/v7e-m/nofp/libstdc++.a(eh_catch.o)
                              /home/antodom/installations/ChibiStudio/tools/GNU Tools ARM Embedded/8.3.1 2019q3/bin/../lib/gcc/arm-none-eabi/8.3.1/../../../../arm-none-eabi/lib/thumb/v7e-m/nofp/libstdc++.a(eh_personality.o) (__cxa_begin_catch)
/home/antodom/installations/ChibiStudio/tools/GNU Tools ARM Embedded/8.3.1 2019q3/bin/../lib/gcc/arm-none-eabi/8.3.1/../../../../arm-none-eabi/lib/thumb/v7e-m/nofp/libstdc++.a(eh_globals.o)
                              /home/antodom/installations/ChibiStudio/tools/GNU Tools ARM Embedded/8.3.1 2019q3/bin/../lib/gcc/arm-none-eabi/8.3.1/../../../../arm-none-eabi/lib/thumb/v7e-m/nofp/libstdc++.a(eh_call.o) (__cxa_get_globals_fast)
/home/antodom/installations/ChibiStudio/tools/GNU Tools ARM Embedded/8.3.1 2019q3/bin/../lib/gcc/arm-none-eabi/8.3.1/../../../../arm-none-eabi/lib/thumb/v7e-m/nofp/libstdc++.a(eh_terminate.o)
                              /home/antodom/installations/ChibiStudio/tools/GNU Tools ARM Embedded/8.3.1 2019q3/bin/../lib/gcc/arm-none-eabi/8.3.1/../../../../arm-none-eabi/lib/thumb/v7e-m/nofp/libstdc++.a(eh_call.o) (__cxxabiv1::__terminate(void (*)()))
/home/antodom/installations/ChibiStudio/tools/GNU Tools ARM Embedded/8.3.1 2019q3/bin/../lib/gcc/arm-none-eabi/8.3.1/../../../../arm-none-eabi/lib/thumb/v7e-m/nofp/libstdc++.a(eh_arm.o)
                              /home/antodom/installations/ChibiStudio/tools/GNU Tools ARM Embedded/8.3.1 2019q3/bin/../lib/gcc/arm-none-eabi/8.3.1/../../../../arm-none-eabi/lib/thumb/v7e-m/nofp/libstdc++.a(eh_call.o) (__cxa_end_cleanup)
/home/antodom/installations/ChibiStudio/tools/GNU Tools ARM Embedded/8.3.1 2019q3/bin/../lib/gcc/arm-none-eabi/8.3.1/../../../../arm-none-eabi/lib/thumb/v7e-m/nofp/libstdc++.a(atexit_arm.o)
                              ./build/obj/main.o (symbol from plugin) (__aeabi_atexit)
/home/antodom/installations/ChibiStudio/tools/GNU Tools ARM Embedded/8.3.1 2019q3/bin/../lib/gcc/arm-none-eabi/8.3.1/../../../../arm-none-eabi/lib/thumb/v7e-m/nofp/libstdc++.a(eh_throw.o)
                              /home/antodom/installations/ChibiStudio/tools/GNU Tools ARM Embedded/8.3.1 2019q3/bin/../lib/gcc/arm-none-eabi/8.3.1/../../../../arm-none-eabi/lib/thumb/v7e-m/nofp/libstdc++.a(eh_call.o) (__cxa_throw)
/home/antodom/installations/ChibiStudio/tools/GNU Tools ARM Embedded/8.3.1 2019q3/bin/../lib/gcc/arm-none-eabi/8.3.1/../../../../arm-none-eabi/lib/thumb/v7e-m/nofp/libstdc++.a(eh_exception.o)
                              /home/antodom/installations/ChibiStudio/tools/GNU Tools ARM Embedded/8.3.1 2019q3/bin/../lib/gcc/arm-none-eabi/8.3.1/../../../../arm-none-eabi/lib/thumb/v7e-m/nofp/libstdc++.a(eh_call.o) (std::bad_exception::~bad_exception())
/home/antodom/installations/ChibiStudio/tools/GNU Tools ARM Embedded/8.3.1 2019q3/bin/../lib/gcc/arm-none-eabi/8.3.1/../../../../arm-none-eabi/lib/thumb/v7e-m/nofp/libstdc++.a(eh_term_handler.o)
                              /home/antodom/installations/ChibiStudio/tools/GNU Tools ARM Embedded/8.3.1 2019q3/bin/../lib/gcc/arm-none-eabi/8.3.1/../../../../arm-none-eabi/lib/thumb/v7e-m/nofp/libstdc++.a(eh_terminate.o) (__cxxabiv1::__terminate_handler)
/home/antodom/installations/ChibiStudio/tools/GNU Tools ARM Embedded/8.3.1 2019q3/bin/../lib/gcc/arm-none-eabi/8.3.1/../../../../arm-none-eabi/lib/thumb/v7e-m/nofp/libstdc++.a(eh_alloc.o)
                              /home/antodom/installations/ChibiStudio/tools/GNU Tools ARM Embedded/8.3.1 2019q3/bin/../lib/gcc/arm-none-eabi/8.3.1/../../../../arm-none-eabi/lib/thumb/v7e-m/nofp/libstdc++.a(eh_call.o) (__cxa_allocate_exception)
/home/antodom/installations/ChibiStudio/tools/GNU Tools ARM Embedded/8.3.1 2019q3/bin/../lib/gcc/arm-none-eabi/8.3.1/../../../../arm-none-eabi/lib/thumb/v7e-m/nofp/libstdc++.a(vterminate.o)
[...]
Memory Configuration

Name             Origin             Length             Attributes
flash0           0x0000000008000000 0x0000000000200000
flash1           0x0000000000000000 0x0000000000000000
flash2           0x0000000000000000 0x0000000000000000
flash3           0x0000000000000000 0x0000000000000000
flash4           0x0000000000000000 0x0000000000000000
flash5           0x0000000000000000 0x0000000000000000
flash6           0x0000000000000000 0x0000000000000000
flash7           0x0000000000000000 0x0000000000000000
ram0             0x0000000020000000 0x00000000000a0000
ram1             0x0000000020000000 0x0000000000030000
ram2             0x0000000000000000 0x0000000000010000
ram3             0x0000000000000000 0x0000000000060000
ram4             0x0000000010000000 0x0000000000010000
ram5             0x0000000000000000 0x0000000000000000
ram6             0x0000000000000000 0x0000000000000000
ram7             0x0000000000000000 0x0000000000000000
*default*        0x0000000000000000 0xffffffffffffffff

Linker script and memory map

LOAD ./build/obj/crt0_v7m.o
LOAD ./build/obj/vectors.o
LOAD ./build/obj/chcoreasm_v7m.o
LOAD /tmp/ccbVf9uwdebugobj
LOAD /tmp/ccxSiIU7.ltrans0.ltrans.o

.mstack         0x0000000020000000      0x400
                0x0000000020000000                . = ALIGN (0x8)
                0x0000000020000000                __main_stack_base__ = .
                0x0000000020000400                . = (. + __main_stack_size__)
 *fill*         0x0000000020000000      0x400 
                0x0000000020000400                . = ALIGN (0x8)
                0x0000000020000400                __main_stack_end__ = .

.pstack         0x0000000020000400      0x400
                0x0000000020000400                . = ALIGN (0x8)
                0x0000000020000400                __process_stack_base__ = .
                0x0000000020000400                __main_thread_stack_base__ = .
                0x0000000020000800                . = (. + __process_stack_size__)
 *fill*         0x0000000020000400      0x400 
                0x0000000020000800                . = ALIGN (0x8)
                0x0000000020000800                __process_stack_end__ = .
                0x0000000020000800                __main_thread_stack_end__ = .

.vectors        0x0000000008000000      0x1c0
 *(.vectors)
 .vectors       0x0000000008000000      0x1c0 ./build/obj/vectors.o
                0x0000000008000000                _vectors

.xtors          0x00000000080001c0        0xc
                0x00000000080001c0                __init_array_start = .
 *(SORT_BY_NAME(.init_array.*))
 .init_array.00000
                0x00000000080001c0        0x4 /home/antodom/installations/ChibiStudio/tools/GNU Tools ARM Embedded/8.3.1 2019q3/bin/../lib/gcc/arm-none-eabi/8.3.1/../../../../arm-none-eabi/lib/thumb/v7e-m/nofp/libg.a(lib_a-__call_atexit.o)
 *(.init_array)
 .init_array    0x00000000080001c4        0x4 /tmp/ccxSiIU7.ltrans0.ltrans.o
 .init_array    0x00000000080001c8        0x4 /home/antodom/installations/ChibiStudio/tools/GNU Tools ARM Embedded/8.3.1 2019q3/bin/../lib/gcc/arm-none-eabi/8.3.1/../../../../arm-none-eabi/lib/thumb/v7e-m/nofp/libstdc++.a(eh_alloc.o)
                0x00000000080001cc                __init_array_end = .
                0x00000000080001cc                __fini_array_start = .
 *(.fini_array)
 *(SORT_BY_NAME(.fini_array.*))
                0x00000000080001cc                __fini_array_end = .

.text           0x0000000008000200    0x11dbc
                0x0000000008000200                __text_base = .
 *(.text)
 .text          0x0000000008000200       0xd8 ./build/obj/crt0_v7m.o
                0x0000000008000200                _crt0_entry
 .text          0x00000000080002d8        0x8 ./build/obj/vectors.o
                0x00000000080002d8                Reset_Handler
                0x00000000080002da                VectorE8
                0x00000000080002da                DebugMon_Handler
                0x00000000080002da                Vector1A0
                0x00000000080002da                Vector11C
                0x00000000080002da                HardFault_Handler
                0x00000000080002da                Vector1B8
                0x00000000080002da                Vector19C
                0x00000000080002da                Vector8C
                0x00000000080002da                SysTick_Handler
                0x00000000080002da                PendSV_Handler
                0x00000000080002da                Vector168
                0x00000000080002da                NMI_Handler
                0x00000000080002da                Vector110
                0x00000000080002da                Vector120
                0x00000000080002da                VectorC8
                0x00000000080002da                Vector94
                0x00000000080002da                Vector74
                0x00000000080002da                Vector160
                0x00000000080002da                Vector1B0
                0x00000000080002da                UsageFault_Handler
                0x00000000080002da                VectorEC
                0x00000000080002da                Vector40
                0x00000000080002da                VectorF8
                0x00000000080002da                Vector108
                0x00000000080002da                VectorBC
                0x00000000080002da                Vector190
                0x00000000080002da                Vector150
                0x00000000080002da                Vector124
                0x00000000080002da                Vector148
                0x00000000080002da                Vector188
                0x00000000080002da                Vector198
                0x00000000080002da                Vector118
                0x00000000080002da                VectorCC
                0x00000000080002da                Vector54
                0x00000000080002da                Vector98
                0x00000000080002da                VectorD8
                0x00000000080002da                Vector138
                0x00000000080002da                Vector24
                0x00000000080002da                Vector1AC
                0x00000000080002da                Vector178
                0x00000000080002da                Vector84
                0x00000000080002da                Vector1A4
                0x00000000080002da                VectorD0
                0x00000000080002da                Vector1B4
                0x00000000080002da                Vector140
                0x00000000080002da                VectorE4
                0x00000000080002da                VectorC0
                0x00000000080002da                Vector130
                0x00000000080002da                Vector134
                0x00000000080002da                VectorF0
                0x00000000080002da                Vector12C
                0x00000000080002da                Vector13C
                0x00000000080002da                Vector100
                0x00000000080002da                VectorF4
                0x00000000080002da                MemManage_Handler
                0x00000000080002da                Vector6C
                0x00000000080002da                VectorC4
                0x00000000080002da                Vector7C
                0x00000000080002da                Vector180
                0x00000000080002da                Vector90
                0x00000000080002da                Vector114
                0x00000000080002da                Vector164
                0x00000000080002da                Vector1C
                0x00000000080002da                Vector1BC
                0x00000000080002da                Vector17C
                0x00000000080002da                Vector48
                0x00000000080002da                Vector1A8
                0x00000000080002da                Vector16C
                0x00000000080002da                Vector70
                0x00000000080002da                VectorD4
                0x00000000080002da                Vector4C
                0x00000000080002da                Vector144
                0x00000000080002da                Vector80
                0x00000000080002da                Vector15C
                0x00000000080002da                Vector78
                0x00000000080002da                Vector170
                0x00000000080002da                Vector88
                0x00000000080002da                Vector104
                0x00000000080002da                Vector184
                0x00000000080002da                Vector10C
                0x00000000080002da                Vector14C
                0x00000000080002da                BusFault_Handler
                0x00000000080002da                Vector50
                0x00000000080002da                Vector194
                0x00000000080002da                Vector154
                0x00000000080002da                Vector44
                0x00000000080002da                Vector28
                0x00000000080002da                VectorB8
                0x00000000080002da                VectorFC
                0x00000000080002da                Vector34
                0x00000000080002da                Vector128
                0x00000000080002da                Vector20
                0x00000000080002da                Vector18C
                0x00000000080002da                Vector174
                0x00000000080002de                _unhandled_exception
 .text          0x00000000080002e0       0x28 ./build/obj/chcoreasm_v7m.o
                0x00000000080002e0                _port_switch
                0x00000000080002f0                _port_thread_start
                0x0000000008000300                _port_switch_from_isr
                0x0000000008000304                _port_exit_from_isr
 .text          0x0000000008000308     0x686c /home/antodom/installations/ChibiStudio/tools/GNU Tools ARM Embedded/8.3.1 2019q3/bin/../lib/gcc/arm-none-eabi/8.3.1/../../../../arm-none-eabi/lib/thumb/v7e-m/nofp/libstdc++.a(cp-demangle.o)
                0x0000000008006a8c                __cxa_demangle
                0x0000000008006b50                __gcclibcxx_demangle_callback
 .text          0x0000000008006b74      0x9e0 /home/antodom/installations/ChibiStudio/tools/GNU Tools ARM Embedded/8.3.1 2019q3/bin/../lib/gcc/arm-none-eabi/8.3.1/thumb/v7e-m/nofp/libgcc.a(unwind-arm.o)
                0x0000000008006e2c                _Unwind_GetCFA
                0x0000000008006e30                __gnu_Unwind_RaiseException
                0x0000000008006e90                __gnu_Unwind_ForcedUnwind
                0x0000000008006ea4                __gnu_Unwind_Resume
                0x0000000008006ee8                __gnu_Unwind_Resume_or_Rethrow
                0x0000000008006ef8                _Unwind_Complete
                0x0000000008006efc                _Unwind_DeleteException
                0x0000000008006f08                _Unwind_VRS_Get
                0x0000000008006f4c                _Unwind_VRS_Set
                0x0000000008006f90                __gnu_Unwind_Backtrace
                0x00000000080072c8                __aeabi_unwind_cpp_pr0
                0x00000000080072cc                __aeabi_unwind_cpp_pr1
                0x00000000080072d0                __aeabi_unwind_cpp_pr2
                0x00000000080072d4                _Unwind_VRS_Pop
 .text          0x0000000008007554      0x1ac /home/antodom/installations/ChibiStudio/tools/GNU Tools ARM Embedded/8.3.1 2019q3/bin/../lib/gcc/arm-none-eabi/8.3.1/thumb/v7e-m/nofp/libgcc.a(libunwind.o)
                0x0000000008007554                __restore_core_regs
                0x0000000008007554                restore_core_regs
                0x000000000800756c                __gnu_Unwind_Restore_VFP
                0x0000000008007574                __gnu_Unwind_Save_VFP
                0x000000000800757c                __gnu_Unwind_Restore_VFP_D
                0x0000000008007584                __gnu_Unwind_Save_VFP_D
                0x000000000800758c                __gnu_Unwind_Restore_VFP_D_16_to_31
                0x0000000008007594                __gnu_Unwind_Save_VFP_D_16_to_31
                0x000000000800759c                __gnu_Unwind_Restore_WMMXD
                0x00000000080075e0                __gnu_Unwind_Save_WMMXD
                0x0000000008007624                __gnu_Unwind_Restore_WMMXC
                0x0000000008007638                __gnu_Unwind_Save_WMMXC
                0x000000000800764c                ___Unwind_RaiseException
                0x000000000800764c                _Unwind_RaiseException
                0x0000000008007670                ___Unwind_Resume
                0x0000000008007670                _Unwind_Resume
                0x0000000008007694                _Unwind_Resume_or_Rethrow
                0x0000000008007694                ___Unwind_Resume_or_Rethrow
                0x00000000080076b8                ___Unwind_ForcedUnwind
                0x00000000080076b8                _Unwind_ForcedUnwind
                0x00000000080076dc                _Unwind_Backtrace
                0x00000000080076dc                ___Unwind_Backtrace
 .text          0x0000000008007700      0x368 /home/antodom/installations/ChibiStudio/tools/GNU Tools ARM Embedded/8.3.1 2019q3/bin/../lib/gcc/arm-none-eabi/8.3.1/thumb/v7e-m/nofp/libgcc.a(pr-support.o)
                0x0000000008007758                __gnu_unwind_execute
                0x0000000008007a20                __gnu_unwind_frame
                0x0000000008007a48                _Unwind_GetRegionStart
                0x0000000008007a54                _Unwind_GetLanguageSpecificData
 *fill*         0x0000000008007a68        0x8 
 .text          0x0000000008007a70       0xa0 /home/antodom/installations/ChibiStudio/tools/GNU Tools ARM Embedded/8.3.1 2019q3/bin/../lib/gcc/arm-none-eabi/8.3.1/../../../../arm-none-eabi/lib/thumb/v7e-m/nofp/libg.a(lib_a-memchr.o)
                0x0000000008007a70                memchr
 .text          0x0000000008007b10      0x134 /home/antodom/installations/ChibiStudio/tools/GNU Tools ARM Embedded/8.3.1 2019q3/bin/../lib/gcc/arm-none-eabi/8.3.1/../../../../arm-none-eabi/lib/thumb/v7e-m/nofp/libg.a(lib_a-memcpy.o)
                0x0000000008007b10                memcpy
 *fill*         0x0000000008007c44       0x1c 
 .text          0x0000000008007c60      0x2dc /home/antodom/installations/ChibiStudio/tools/GNU Tools ARM Embedded/8.3.1 2019q3/bin/../lib/gcc/arm-none-eabi/8.3.1/../../../../arm-none-eabi/lib/thumb/v7e-m/nofp/libg.a(lib_a-strcmp.o)
                0x0000000008007c68                strcmp
 *fill*         0x0000000008007f3c        0x4 
 .text          0x0000000008007f40       0xdc /home/antodom/installations/ChibiStudio/tools/GNU Tools ARM Embedded/8.3.1 2019q3/bin/../lib/gcc/arm-none-eabi/8.3.1/../../../../arm-none-eabi/lib/thumb/v7e-m/nofp/libg.a(lib_a-strlen.o)
                0x0000000008007f40                strlen
 .text          0x000000000800801c      0x378 /home/antodom/installations/ChibiStudio/tools/GNU Tools ARM Embedded/8.3.1 2019q3/bin/../lib/gcc/arm-none-eabi/8.3.1/thumb/v7e-m/nofp/libgcc.a(_arm_addsubdf3.o)
                0x000000000800801c                __aeabi_drsub
                0x0000000008008024                __aeabi_dsub
                0x0000000008008024                __subdf3
                0x0000000008008028                __adddf3
                0x0000000008008028                __aeabi_dadd
                0x00000000080082a0                __aeabi_ui2d
                0x00000000080082a0                __floatunsidf
                0x00000000080082c0                __floatsidf
                0x00000000080082c0                __aeabi_i2d
                0x00000000080082e4                __extendsfdf2
                0x00000000080082e4                __aeabi_f2d
                0x0000000008008328                __aeabi_ul2d
                0x0000000008008328                __floatundidf
                0x0000000008008338                __floatdidf
                0x0000000008008338                __aeabi_l2d
 .text          0x0000000008008394      0x424 /home/antodom/installations/ChibiStudio/tools/GNU Tools ARM Embedded/8.3.1 2019q3/bin/../lib/gcc/arm-none-eabi/8.3.1/thumb/v7e-m/nofp/libgcc.a(_arm_muldivdf3.o)
                0x0000000008008394                __aeabi_dmul
                0x0000000008008394                __muldf3
                0x00000000080085e8                __aeabi_ddiv
                0x00000000080085e8                __divdf3
 .text          0x00000000080087b8      0x110 /home/antodom/installations/ChibiStudio/tools/GNU Tools ARM Embedded/8.3.1 2019q3/bin/../lib/gcc/arm-none-eabi/8.3.1/thumb/v7e-m/nofp/libgcc.a(_arm_cmpdf2.o)
                0x00000000080087b8                __gtdf2
                0x00000000080087b8                __gedf2
                0x00000000080087c0                __ltdf2
                0x00000000080087c0                __ledf2
                0x00000000080087c8                __cmpdf2
                0x00000000080087c8                __eqdf2
                0x00000000080087c8                __nedf2
                0x0000000008008844                __aeabi_cdrcmple
                0x0000000008008854                __aeabi_cdcmple
                0x0000000008008854                __aeabi_cdcmpeq
                0x0000000008008864                __aeabi_dcmpeq
                0x0000000008008878                __aeabi_dcmplt
                0x000000000800888c                __aeabi_dcmple
                0x00000000080088a0                __aeabi_dcmpge
                0x00000000080088b4                __aeabi_dcmpgt
 .text          0x00000000080088c8       0x2c /home/antodom/installations/ChibiStudio/tools/GNU Tools ARM Embedded/8.3.1 2019q3/bin/../lib/gcc/arm-none-eabi/8.3.1/thumb/v7e-m/nofp/libgcc.a(_arm_unorddf2.o)
                0x00000000080088c8                __aeabi_dcmpun
                0x00000000080088c8                __unorddf2
 .text          0x00000000080088f4       0x50 /home/antodom/installations/ChibiStudio/tools/GNU Tools ARM Embedded/8.3.1 2019q3/bin/../lib/gcc/arm-none-eabi/8.3.1/thumb/v7e-m/nofp/libgcc.a(_arm_fixdfsi.o)
                0x00000000080088f4                __fixdfsi
                0x00000000080088f4                __aeabi_d2iz
 .text          0x0000000008008944       0x30 /home/antodom/installations/ChibiStudio/tools/GNU Tools ARM Embedded/8.3.1 2019q3/bin/../lib/gcc/arm-none-eabi/8.3.1/thumb/v7e-m/nofp/libgcc.a(_aeabi_uldivmod.o)
                0x0000000008008944                __aeabi_uldivmod
 .text          0x0000000008008974      0x2d0 /home/antodom/installations/ChibiStudio/tools/GNU Tools ARM Embedded/8.3.1 2019q3/bin/../lib/gcc/arm-none-eabi/8.3.1/thumb/v7e-m/nofp/libgcc.a(_udivmoddi4.o)
                0x0000000008008974                __udivmoddi4
 .text          0x0000000008008c44        0x4 /home/antodom/installations/ChibiStudio/tools/GNU Tools ARM Embedded/8.3.1 2019q3/bin/../lib/gcc/arm-none-eabi/8.3.1/thumb/v7e-m/nofp/libgcc.a(_dvmd_tls.o)
                0x0000000008008c44                __aeabi_ldiv0
                0x0000000008008c44                __aeabi_idiv0
 *(.text.*)
 *fill*         0x0000000008008c48        0x8 
 .text._pal_lld_enablepadevent.constprop.31
                0x0000000008008c50       0x70 /tmp/ccxSiIU7.ltrans0.ltrans.o
 .text.chTMStartMeasurementX.constprop.25
                0x0000000008008cc0        0xc /tmp/ccxSiIU7.ltrans0.ltrans.o
 *fill*         0x0000000008008ccc        0x4 
 .text._ZL11chSysUnlockv
                0x0000000008008cd0       0x2c /tmp/ccxSiIU7.ltrans0.ltrans.o
 *fill*         0x0000000008008cfc        0x4 
 .text._ZN9soft_uart7chibios4uartIXadL_Z5GPTD1EELj256ELj256EE10_uart_ctx_D2Ev
                0x0000000008008d00        0x4 /tmp/ccxSiIU7.ltrans0.ltrans.o
 *fill*         0x0000000008008d04        0xc 
 .text._ZN9soft_uart7chibios4uartIXadL_Z5GPTD3EELj256ELj256EE10_uart_ctx_11get_rx_dataERm
                0x0000000008008d10      0x104 /tmp/ccxSiIU7.ltrans0.ltrans.o
 *fill*         0x0000000008008e14        0xc 
 .text.notify3  0x0000000008008e20       0x10 /tmp/ccxSiIU7.ltrans0.ltrans.o
 .text.notifylp1
                0x0000000008008e30       0x10 /tmp/ccxSiIU7.ltrans0.ltrans.o
 .text._port_irq_epilogue
                0x0000000008008e40       0x54 /tmp/ccxSiIU7.ltrans0.ltrans.o
 *fill*         0x0000000008008e94        0xc 
 .text.chCoreAllocAlignedI
                0x0000000008008ea0       0x34 /tmp/ccxSiIU7.ltrans0.ltrans.o
 *fill*         0x0000000008008ed4        0xc 
 .text.chCoreAllocAlignedWithOffset
                0x0000000008008ee0       0x60 /tmp/ccxSiIU7.ltrans0.ltrans.o
 .text.chTMStopMeasurementX
                0x0000000008008f40       0x48 /tmp/ccxSiIU7.ltrans0.ltrans.o
 *fill*         0x0000000008008f88        0x8 
 .text.chSchReadyAheadI
                0x0000000008008f90       0x40 /tmp/ccxSiIU7.ltrans0.ltrans.o
 .text.chSchReadyI
                0x0000000008008fd0       0x40 /tmp/ccxSiIU7.ltrans0.ltrans.o
 .text.chThdDequeueNextI.constprop.41
                0x0000000008009010       0x34 /tmp/ccxSiIU7.ltrans0.ltrans.o
 *fill*         0x0000000008009044        0xc 
 .text.chEvtBroadcastFlagsI
                0x0000000008009050       0x58 /tmp/ccxSiIU7.ltrans0.ltrans.o
 *fill*         0x00000000080090a8        0x8 
 .text.wakeup   0x00000000080090b0       0x50 /tmp/ccxSiIU7.ltrans0.ltrans.o
 .text._idle_thread
                0x0000000008009100        0x4 /tmp/ccxSiIU7.ltrans0.ltrans.o
 *fill*         0x0000000008009104        0xc 
 .text.serve_interrupt
                0x0000000008009110      0x17c /tmp/ccxSiIU7.ltrans0.ltrans.o
 *fill*         0x000000000800928c        0x4 
 .text._pal_lld_disablepadevent
                0x0000000008009290       0x7c /tmp/ccxSiIU7.ltrans0.ltrans.o
 *fill*         0x000000000800930c        0x4 
 .text._pal_lld_setgroupmode
                0x0000000008009310       0xa8 /tmp/ccxSiIU7.ltrans0.ltrans.o
 *fill*         0x00000000080093b8        0x8 
 .text._ctl     0x00000000080093c0       0x18 /tmp/ccxSiIU7.ltrans0.ltrans.o
 *fill*         0x00000000080093d8        0x8 
 .text.gptStopTimerI
                0x00000000080093e0       0x30 /tmp/ccxSiIU7.ltrans0.ltrans.o
 .text._ZN9soft_uart7chibios4uartIXadL_Z5GPTD3EELj256ELj256EE14_gpt_callback_EP9GPTDriver
                0x0000000008009410      0x1b0 /tmp/ccxSiIU7.ltrans0.ltrans.o
 .text._ZN9soft_uart7chibios4uartIXadL_Z5GPTD1EELj256ELj256EE14_gpt_callback_EP9GPTDriver
                0x00000000080095c0      0x1b0 /tmp/ccxSiIU7.ltrans0.ltrans.o
 .text.gptStartContinuousI
                0x0000000008009770       0x44 /tmp/ccxSiIU7.ltrans0.ltrans.o
 *fill*         0x00000000080097b4        0xc 
 .text._ZN9soft_uart7chibios4uartIXadL_Z5GPTD3EELj256ELj256EE13_rx_callback_EPv
                0x00000000080097c0       0x6c /tmp/ccxSiIU7.ltrans0.ltrans.o
 *fill*         0x000000000800982c        0x4 
 .text._ZN9soft_uart7chibios4uartIXadL_Z5GPTD1EELj256ELj256EE13_rx_callback_EPv
                0x0000000008009830       0x6c /tmp/ccxSiIU7.ltrans0.ltrans.o
 *fill*         0x000000000800989c        0x4 
 .text.gptStop  0x00000000080098a0       0xc4 /tmp/ccxSiIU7.ltrans0.ltrans.o
 *fill*         0x0000000008009964        0xc 
 .text._ZN9soft_uart7chibios4uartIXadL_Z5GPTD3EELj256ELj256EED2Ev
                0x0000000008009970       0x84 /tmp/ccxSiIU7.ltrans0.ltrans.o
 *fill*         0x00000000080099f4        0xc 
 .text._ZN9soft_uart7chibios4uartIXadL_Z5GPTD1EELj256ELj256EED2Ev
                0x0000000008009a00       0x84 /tmp/ccxSiIU7.ltrans0.ltrans.o
 *fill*         0x0000000008009a84        0xc 
 .text.gptStart
                0x0000000008009a90      0x11c /tmp/ccxSiIU7.ltrans0.ltrans.o
 *fill*         0x0000000008009bac        0x4 
 .text.stSetAlarm
                0x0000000008009bb0       0x20 /tmp/ccxSiIU7.ltrans0.ltrans.o
 .text.chprintf.constprop.33
                0x0000000008009bd0      0x438 /tmp/ccxSiIU7.ltrans0.ltrans.o
 *fill*         0x000000000800a008        0x8 
 .text.chSchGoSleepS
                0x000000000800a010       0x28 /tmp/ccxSiIU7.ltrans0.ltrans.o
 *fill*         0x000000000800a038        0x8 
 .text.chSchGoSleepTimeoutS
                0x000000000800a040      0x140 /tmp/ccxSiIU7.ltrans0.ltrans.o
 .text.chThdEnqueueTimeoutS
                0x000000000800a180       0x28 /tmp/ccxSiIU7.ltrans0.ltrans.o
 *fill*         0x000000000800a1a8        0x8 
 .text.oqPutTimeout
                0x000000000800a1b0       0x90 /tmp/ccxSiIU7.ltrans0.ltrans.o
 .text._putt    0x000000000800a240        0x8 /tmp/ccxSiIU7.ltrans0.ltrans.o
 *fill*         0x000000000800a248        0x8 
 .text._put     0x000000000800a250        0xc /tmp/ccxSiIU7.ltrans0.ltrans.o
 *fill*         0x000000000800a25c        0x4 
 .text.iqGetTimeout
                0x000000000800a260       0x90 /tmp/ccxSiIU7.ltrans0.ltrans.o
 .text._gett    0x000000000800a2f0        0x8 /tmp/ccxSiIU7.ltrans0.ltrans.o
 *fill*         0x000000000800a2f8        0x8 
 .text._get     0x000000000800a300        0xc /tmp/ccxSiIU7.ltrans0.ltrans.o
 *fill*         0x000000000800a30c        0x4 
 .text.oqWriteTimeout
                0x000000000800a310      0x11c /tmp/ccxSiIU7.ltrans0.ltrans.o
 *fill*         0x000000000800a42c        0x4 
 .text._writet  0x000000000800a430        0x8 /tmp/ccxSiIU7.ltrans0.ltrans.o
 *fill*         0x000000000800a438        0x8 
 .text._write   0x000000000800a440        0xc /tmp/ccxSiIU7.ltrans0.ltrans.o
 *fill*         0x000000000800a44c        0x4 
 .text.iqReadTimeout
                0x000000000800a450      0x11c /tmp/ccxSiIU7.ltrans0.ltrans.o
 *fill*         0x000000000800a56c        0x4 
 .text._readt   0x000000000800a570        0x8 /tmp/ccxSiIU7.ltrans0.ltrans.o
 *fill*         0x000000000800a578        0x8 
 .text._read    0x000000000800a580        0xc /tmp/ccxSiIU7.ltrans0.ltrans.o
 *fill*         0x000000000800a58c        0x4 
 .text.startup._GLOBAL__sub_I_my_soft_uart_1
                0x000000000800a590       0xbc /tmp/ccxSiIU7.ltrans0.ltrans.o
 *fill*         0x000000000800a64c        0x4 
 .text.boardInit
                0x000000000800a650        0x4 /tmp/ccxSiIU7.ltrans0.ltrans.o
                0x000000000800a650                _fini
 *fill*         0x000000000800a654        0xc 
 .text._kill    0x000000000800a660       0x10 /tmp/ccxSiIU7.ltrans0.ltrans.o
                0x000000000800a660                _kill
 .text._getpid  0x000000000800a670        0x4 /tmp/ccxSiIU7.ltrans0.ltrans.o
                0x000000000800a670                _getpid
 *fill*         0x000000000800a674        0xc 
 .text._exit    0x000000000800a680       0x14 /tmp/ccxSiIU7.ltrans0.ltrans.o
                0x000000000800a680                _exit
 *fill*         0x000000000800a694        0xc 
 .text._isatty_r
                0x000000000800a6a0        0x4 /tmp/ccxSiIU7.ltrans0.ltrans.o
                0x000000000800a6a0                _isatty_r
 *fill*         0x000000000800a6a4        0xc 
 .text._fstat_r
                0x000000000800a6b0       0x18 /tmp/ccxSiIU7.ltrans0.ltrans.o
                0x000000000800a6b0                _fstat_r
 *fill*         0x000000000800a6c8        0x8 
 .text._sbrk_r  0x000000000800a6d0       0x1c /tmp/ccxSiIU7.ltrans0.ltrans.o
                0x000000000800a6d0                _sbrk_r
 *fill*         0x000000000800a6ec        0x4 
 .text._close_r
                0x000000000800a6f0        0x4 /tmp/ccxSiIU7.ltrans0.ltrans.o
                0x000000000800a6f0                _close_r
 *fill*         0x000000000800a6f4        0xc 
 .text._write_r
                0x000000000800a700        0x4 /tmp/ccxSiIU7.ltrans0.ltrans.o
                0x000000000800a700                _write_r
 *fill*         0x000000000800a704        0xc 
 .text._lseek_r
                0x000000000800a710        0x4 /tmp/ccxSiIU7.ltrans0.ltrans.o
                0x000000000800a710                _lseek_r
 *fill*         0x000000000800a714        0xc 
 .text._read_r  0x000000000800a720        0xc /tmp/ccxSiIU7.ltrans0.ltrans.o
                0x000000000800a720                _read_r
 *fill*         0x000000000800a72c        0x4 
 .text.SVC_Handler
                0x000000000800a730       0x14 /tmp/ccxSiIU7.ltrans0.ltrans.o
                0x000000000800a730                SVC_Handler
 *fill*         0x000000000800a744        0xc 
 .text.chThdExit
                0x000000000800a750       0x54 /tmp/ccxSiIU7.ltrans0.ltrans.o
                0x000000000800a750                chThdExit
 *fill*         0x000000000800a7a4        0xc 
 .text.chSchDoRescheduleAhead
                0x000000000800a7b0       0x2c /tmp/ccxSiIU7.ltrans0.ltrans.o
                0x000000000800a7b0                chSchDoReschedule
 *fill*         0x000000000800a7dc        0x4 
 .text.startup.main
                0x000000000800a7e0     0x12d0 /tmp/ccxSiIU7.ltrans0.ltrans.o
                0x000000000800a7e0                main
 .text.__early_init
                0x000000000800bab0      0x258 /tmp/ccxSiIU7.ltrans0.ltrans.o
                0x000000000800bab0                __early_init
 *fill*         0x000000000800bd08        0x8 
 .text.Vector158
                0x000000000800bd10       0x14 /tmp/ccxSiIU7.ltrans0.ltrans.o
                0x000000000800bd10                Vector158
 *fill*         0x000000000800bd24        0xc 
 .text.VectorDC
                0x000000000800bd30       0x14 /tmp/ccxSiIU7.ltrans0.ltrans.o
                0x000000000800bd30                VectorDC
 *fill*         0x000000000800bd44        0xc 
 .text.VectorB4
                0x000000000800bd50       0x34 /tmp/ccxSiIU7.ltrans0.ltrans.o
                0x000000000800bd50                VectorB4
 *fill*         0x000000000800bd84        0xc 
 .text.VectorB0
                0x000000000800bd90       0xb4 /tmp/ccxSiIU7.ltrans0.ltrans.o
                0x000000000800bd90                VectorB0
 *fill*         0x000000000800be44        0xc 
 .text.VectorAC
                0x000000000800be50        0x4 /tmp/ccxSiIU7.ltrans0.ltrans.o
                0x000000000800be50                VectorAC
 *fill*         0x000000000800be54        0xc 
 .text.VectorA0
                0x000000000800be60        0x4 /tmp/ccxSiIU7.ltrans0.ltrans.o
                0x000000000800be60                VectorA0
 *fill*         0x000000000800be64        0xc 
 .text.VectorA8
                0x000000000800be70        0x4 /tmp/ccxSiIU7.ltrans0.ltrans.o
                0x000000000800be70                VectorA8
 *fill*         0x000000000800be74        0xc 
 .text.VectorA4
                0x000000000800be80       0x34 /tmp/ccxSiIU7.ltrans0.ltrans.o
                0x000000000800be80                VectorA4
 *fill*         0x000000000800beb4        0xc 
 .text.VectorE0
                0x000000000800bec0       0x74 /tmp/ccxSiIU7.ltrans0.ltrans.o
                0x000000000800bec0                VectorE0
 *fill*         0x000000000800bf34        0xc 
 .text.Vector9C
                0x000000000800bf40       0x68 /tmp/ccxSiIU7.ltrans0.ltrans.o
                0x000000000800bf40                Vector9C
 *fill*         0x000000000800bfa8        0x8 
 .text.Vector68
                0x000000000800bfb0       0x2c /tmp/ccxSiIU7.ltrans0.ltrans.o
                0x000000000800bfb0                Vector68
 *fill*         0x000000000800bfdc        0x4 
 .text.Vector64
                0x000000000800bfe0       0x2c /tmp/ccxSiIU7.ltrans0.ltrans.o
                0x000000000800bfe0                Vector64
 *fill*         0x000000000800c00c        0x4 
 .text.Vector60
                0x000000000800c010       0x2c /tmp/ccxSiIU7.ltrans0.ltrans.o
                0x000000000800c010                Vector60
 *fill*         0x000000000800c03c        0x4 
 .text.Vector5C
                0x000000000800c040       0x2c /tmp/ccxSiIU7.ltrans0.ltrans.o
                0x000000000800c040                Vector5C
 *fill*         0x000000000800c06c        0x4 
 .text.Vector58
                0x000000000800c070       0x2c /tmp/ccxSiIU7.ltrans0.ltrans.o
                0x000000000800c070                Vector58
 *fill*         0x000000000800c09c        0x4 
 .text.__init_ram_areas
                0x000000000800c0a0       0x68 /tmp/ccxSiIU7.ltrans0.ltrans.o
                0x000000000800c0a0                __init_ram_areas
 *fill*         0x000000000800c108        0x8 
 .text.__default_exit
                0x000000000800c110        0x4 /tmp/ccxSiIU7.ltrans0.ltrans.o
                0x000000000800c110                __default_exit
 *fill*         0x000000000800c114        0xc 
 .text.__late_init
                0x000000000800c120        0x4 /tmp/ccxSiIU7.ltrans0.ltrans.o
                0x000000000800c120                __late_init
 *fill*         0x000000000800c124        0xc 
 .text.__core_init
                0x000000000800c130        0x4 /tmp/ccxSiIU7.ltrans0.ltrans.o
                0x000000000800c130                __core_init
 .text._ZL28read_encoded_value_with_basehjPKhPj
                0x000000000800c134       0xcc /home/antodom/installations/ChibiStudio/tools/GNU Tools ARM Embedded/8.3.1 2019q3/bin/../lib/gcc/arm-none-eabi/8.3.1/../../../../arm-none-eabi/lib/thumb/v7e-m/nofp/libstdc++.a(eh_personality.o)
 .text._ZL21base_of_encoded_valuehP15_Unwind_Context
                0x000000000800c200       0x3c /home/antodom/installations/ChibiStudio/tools/GNU Tools ARM Embedded/8.3.1 2019q3/bin/../lib/gcc/arm-none-eabi/8.3.1/../../../../arm-none-eabi/lib/thumb/v7e-m/nofp/libstdc++.a(eh_personality.o)
 .text._ZL17parse_lsda_headerP15_Unwind_ContextPKhP16lsda_header_info
                0x000000000800c23c       0x94 /home/antodom/installations/ChibiStudio/tools/GNU Tools ARM Embedded/8.3.1 2019q3/bin/../lib/gcc/arm-none-eabi/8.3.1/../../../../arm-none-eabi/lib/thumb/v7e-m/nofp/libstdc++.a(eh_personality.o)
 .text.__gxx_personality_v0
                0x000000000800c2d0      0x478 /home/antodom/installations/ChibiStudio/tools/GNU Tools ARM Embedded/8.3.1 2019q3/bin/../lib/gcc/arm-none-eabi/8.3.1/../../../../arm-none-eabi/lib/thumb/v7e-m/nofp/libstdc++.a(eh_personality.o)
                0x000000000800c2d0                __gxx_personality_v0
 .text._ZN10__cxxabiv1L24__is_gxx_exception_classEPc
                0x000000000800c748       0x3c /home/antodom/installations/ChibiStudio/tools/GNU Tools ARM Embedded/8.3.1 2019q3/bin/../lib/gcc/arm-none-eabi/8.3.1/../../../../arm-none-eabi/lib/thumb/v7e-m/nofp/libstdc++.a(eh_call.o)
 .text.__cxa_call_terminate
                0x000000000800c784       0x20 /home/antodom/installations/ChibiStudio/tools/GNU Tools ARM Embedded/8.3.1 2019q3/bin/../lib/gcc/arm-none-eabi/8.3.1/../../../../arm-none-eabi/lib/thumb/v7e-m/nofp/libstdc++.a(eh_call.o)
                0x000000000800c784                __cxa_call_terminate
 .text.unlikely.__cxa_call_unexpected
                0x000000000800c7a4       0xd8 /home/antodom/installations/ChibiStudio/tools/GNU Tools ARM Embedded/8.3.1 2019q3/bin/../lib/gcc/arm-none-eabi/8.3.1/../../../../arm-none-eabi/lib/thumb/v7e-m/nofp/libstdc++.a(eh_call.o)
                0x000000000800c7a4                __cxa_call_unexpected
 .text.__cxa_begin_catch
                0x000000000800c87c       0x7c /home/antodom/installations/ChibiStudio/tools/GNU Tools ARM Embedded/8.3.1 2019q3/bin/../lib/gcc/arm-none-eabi/8.3.1/../../../../arm-none-eabi/lib/thumb/v7e-m/nofp/libstdc++.a(eh_catch.o)
                0x000000000800c87c                __cxa_begin_catch
 .text.__cxa_end_catch
                0x000000000800c8f8       0x88 /home/antodom/installations/ChibiStudio/tools/GNU Tools ARM Embedded/8.3.1 2019q3/bin/../lib/gcc/arm-none-eabi/8.3.1/../../../../arm-none-eabi/lib/thumb/v7e-m/nofp/libstdc++.a(eh_catch.o)
                0x000000000800c8f8                __cxa_end_catch
 .text.__cxa_get_globals_fast
                0x000000000800c980        0x8 /home/antodom/installations/ChibiStudio/tools/GNU Tools ARM Embedded/8.3.1 2019q3/bin/../lib/gcc/arm-none-eabi/8.3.1/../../../../arm-none-eabi/lib/thumb/v7e-m/nofp/libstdc++.a(eh_globals.o)
                0x000000000800c980                __cxa_get_globals_fast
 .text.__cxa_get_globals
                0x000000000800c988        0x8 /home/antodom/installations/ChibiStudio/tools/GNU Tools ARM Embedded/8.3.1 2019q3/bin/../lib/gcc/arm-none-eabi/8.3.1/../../../../arm-none-eabi/lib/thumb/v7e-m/nofp/libstdc++.a(eh_globals.o)
                0x000000000800c988                __cxa_get_globals
 .text._ZN10__cxxabiv111__terminateEPFvvE
                0x000000000800c990       0x28 /home/antodom/installations/ChibiStudio/tools/GNU Tools ARM Embedded/8.3.1 2019q3/bin/../lib/gcc/arm-none-eabi/8.3.1/../../../../arm-none-eabi/lib/thumb/v7e-m/nofp/libstdc++.a(eh_terminate.o)
                0x000000000800c990                __cxxabiv1::__terminate(void (*)())
 .text._ZSt9terminatev
                0x000000000800c9b8       0x14 /home/antodom/installations/ChibiStudio/tools/GNU Tools ARM Embedded/8.3.1 2019q3/bin/../lib/gcc/arm-none-eabi/8.3.1/../../../../arm-none-eabi/lib/thumb/v7e-m/nofp/libstdc++.a(eh_terminate.o)
                0x000000000800c9b8                std::terminate()
 .text._ZN10__cxxabiv112__unexpectedEPFvvE
                0x000000000800c9cc        0x8 /home/antodom/installations/ChibiStudio/tools/GNU Tools ARM Embedded/8.3.1 2019q3/bin/../lib/gcc/arm-none-eabi/8.3.1/../../../../arm-none-eabi/lib/thumb/v7e-m/nofp/libstdc++.a(eh_terminate.o)
                0x000000000800c9cc                __cxxabiv1::__unexpected(void (*)())
 .text._ZSt10unexpectedv
                0x000000000800c9d4       0x14 /home/antodom/installations/ChibiStudio/tools/GNU Tools ARM Embedded/8.3.1 2019q3/bin/../lib/gcc/arm-none-eabi/8.3.1/../../../../arm-none-eabi/lib/thumb/v7e-m/nofp/libstdc++.a(eh_terminate.o)
                0x000000000800c9d4                std::unexpected()
 .text._ZSt13get_terminatev
                0x000000000800c9e8       0x10 /home/antodom/installations/ChibiStudio/tools/GNU Tools ARM Embedded/8.3.1 2019q3/bin/../lib/gcc/arm-none-eabi/8.3.1/../../../../arm-none-eabi/lib/thumb/v7e-m/nofp/libstdc++.a(eh_terminate.o)
                0x000000000800c9e8                std::get_terminate()
 .text._ZSt14get_unexpectedv
                0x000000000800c9f8       0x10 /home/antodom/installations/ChibiStudio/tools/GNU Tools ARM Embedded/8.3.1 2019q3/bin/../lib/gcc/arm-none-eabi/8.3.1/../../../../arm-none-eabi/lib/thumb/v7e-m/nofp/libstdc++.a(eh_terminate.o)
                0x000000000800c9f8                std::get_unexpected()
 .text.__cxa_end_cleanup
                0x000000000800ca08        0xc /home/antodom/installations/ChibiStudio/tools/GNU Tools ARM Embedded/8.3.1 2019q3/bin/../lib/gcc/arm-none-eabi/8.3.1/../../../../arm-none-eabi/lib/thumb/v7e-m/nofp/libstdc++.a(eh_arm.o)
                0x000000000800ca08                __cxa_end_cleanup
 .text.__cxa_type_match
                0x000000000800ca14       0xbc /home/antodom/installations/ChibiStudio/tools/GNU Tools ARM Embedded/8.3.1 2019q3/bin/../lib/gcc/arm-none-eabi/8.3.1/../../../../arm-none-eabi/lib/thumb/v7e-m/nofp/libstdc++.a(eh_arm.o)
                0x000000000800ca14                __cxa_type_match
 .text.__cxa_begin_cleanup
                0x000000000800cad0       0x64 /home/antodom/installations/ChibiStudio/tools/GNU Tools ARM Embedded/8.3.1 2019q3/bin/../lib/gcc/arm-none-eabi/8.3.1/../../../../arm-none-eabi/lib/thumb/v7e-m/nofp/libstdc++.a(eh_arm.o)
                0x000000000800cad0                __cxa_begin_cleanup
 .text.__gnu_end_cleanup
                0x000000000800cb34       0x70 /home/antodom/installations/ChibiStudio/tools/GNU Tools ARM Embedded/8.3.1 2019q3/bin/../lib/gcc/arm-none-eabi/8.3.1/../../../../arm-none-eabi/lib/thumb/v7e-m/nofp/libstdc++.a(eh_arm.o)
                0x000000000800cb34                __gnu_end_cleanup
 .text.__aeabi_atexit
                0x000000000800cba4        0xc /home/antodom/installations/ChibiStudio/tools/GNU Tools ARM Embedded/8.3.1 2019q3/bin/../lib/gcc/arm-none-eabi/8.3.1/../../../../arm-none-eabi/lib/thumb/v7e-m/nofp/libstdc++.a(atexit_arm.o)
                0x000000000800cba4                __aeabi_atexit
 .text._ZL23__gxx_exception_cleanup19_Unwind_Reason_CodeP21_Unwind_Control_Block
                0x000000000800cbb0       0x44 /home/antodom/installations/ChibiStudio/tools/GNU Tools ARM Embedded/8.3.1 2019q3/bin/../lib/gcc/arm-none-eabi/8.3.1/../../../../arm-none-eabi/lib/thumb/v7e-m/nofp/libstdc++.a(eh_throw.o)
 .text.__cxa_init_primary_exception
                0x000000000800cbf4       0x58 /home/antodom/installations/ChibiStudio/tools/GNU Tools ARM Embedded/8.3.1 2019q3/bin/../lib/gcc/arm-none-eabi/8.3.1/../../../../arm-none-eabi/lib/thumb/v7e-m/nofp/libstdc++.a(eh_throw.o)
                0x000000000800cbf4                __cxa_init_primary_exception
 .text.__cxa_throw
                0x000000000800cc4c       0x38 /home/antodom/installations/ChibiStudio/tools/GNU Tools ARM Embedded/8.3.1 2019q3/bin/../lib/gcc/arm-none-eabi/8.3.1/../../../../arm-none-eabi/lib/thumb/v7e-m/nofp/libstdc++.a(eh_throw.o)
                0x000000000800cc4c                __cxa_throw
 .text.__cxa_rethrow
                0x000000000800cc84       0x70 /home/antodom/installations/ChibiStudio/tools/GNU Tools ARM Embedded/8.3.1 2019q3/bin/../lib/gcc/arm-none-eabi/8.3.1/../../../../arm-none-eabi/lib/thumb/v7e-m/nofp/libstdc++.a(eh_throw.o)
                0x000000000800cc84                __cxa_rethrow
 .text._ZNSt13bad_exceptionD2Ev
                0x000000000800ccf4        0x4 /home/antodom/installations/ChibiStudio/tools/GNU Tools ARM Embedded/8.3.1 2019q3/bin/../lib/gcc/arm-none-eabi/8.3.1/../../../../arm-none-eabi/lib/thumb/v7e-m/nofp/libstdc++.a(eh_exception.o)
                0x000000000800ccf4                std::bad_exception::~bad_exception()
                0x000000000800ccf4                std::bad_exception::~bad_exception()
 .text._ZNKSt13bad_exception4whatEv
                0x000000000800ccf8        0x8 /home/antodom/installations/ChibiStudio/tools/GNU Tools ARM Embedded/8.3.1 2019q3/bin/../lib/gcc/arm-none-eabi/8.3.1/../../../../arm-none-eabi/lib/thumb/v7e-m/nofp/libstdc++.a(eh_exception.o)
                0x000000000800ccf8                transaction clone for std::bad_exception::what() const
                0x000000000800ccf8                std::bad_exception::what() const
 .text._ZNSt13bad_exceptionD0Ev
                0x000000000800cd00       0x10 /home/antodom/installations/ChibiStudio/tools/GNU Tools ARM Embedded/8.3.1 2019q3/bin/../lib/gcc/arm-none-eabi/8.3.1/../../../../arm-none-eabi/lib/thumb/v7e-m/nofp/libstdc++.a(eh_exception.o)
                0x000000000800cd00                std::bad_exception::~bad_exception()
 .text._ZN12_GLOBAL__N_14pool4freeEPv.constprop.4
                0x000000000800cd10       0x8c /home/antodom/installations/ChibiStudio/tools/GNU Tools ARM Embedded/8.3.1 2019q3/bin/../lib/gcc/arm-none-eabi/8.3.1/../../../../arm-none-eabi/lib/thumb/v7e-m/nofp/libstdc++.a(eh_alloc.o)
 .text._ZN12_GLOBAL__N_14pool8allocateEj.constprop.5
                0x000000000800cd9c       0x64 /home/antodom/installations/ChibiStudio/tools/GNU Tools ARM Embedded/8.3.1 2019q3/bin/../lib/gcc/arm-none-eabi/8.3.1/../../../../arm-none-eabi/lib/thumb/v7e-m/nofp/libstdc++.a(eh_alloc.o)
 .text.__cxa_allocate_exception
                0x000000000800ce00       0x30 /home/antodom/installations/ChibiStudio/tools/GNU Tools ARM Embedded/8.3.1 2019q3/bin/../lib/gcc/arm-none-eabi/8.3.1/../../../../arm-none-eabi/lib/thumb/v7e-m/nofp/libstdc++.a(eh_alloc.o)
                0x000000000800ce00                __cxa_allocate_exception
 .text.__cxa_free_exception
                0x000000000800ce30       0x20 /home/antodom/installations/ChibiStudio/tools/GNU Tools ARM Embedded/8.3.1 2019q3/bin/../lib/gcc/arm-none-eabi/8.3.1/../../../../arm-none-eabi/lib/thumb/v7e-m/nofp/libstdc++.a(eh_alloc.o)
                0x000000000800ce30                __cxa_free_exception
 .text.startup._GLOBAL__sub_I__ZN9__gnu_cxx9__freeresEv
                0x000000000800ce50       0x28 /home/antodom/installations/ChibiStudio/tools/GNU Tools ARM Embedded/8.3.1 2019q3/bin/../lib/gcc/arm-none-eabi/8.3.1/../../../../arm-none-eabi/lib/thumb/v7e-m/nofp/libstdc++.a(eh_alloc.o)
 .text._ZN9__gnu_cxx27__verbose_terminate_handlerEv
                0x000000000800ce78      0x10c /home/antodom/installations/ChibiStudio/tools/GNU Tools ARM Embedded/8.3.1 2019q3/bin/../lib/gcc/arm-none-eabi/8.3.1/../../../../arm-none-eabi/lib/thumb/v7e-m/nofp/libstdc++.a(vterminate.o)
                0x000000000800ce78                __gnu_cxx::__verbose_terminate_handler()
 .text._ZdlPvj  0x000000000800cf84        0x4 /home/antodom/installations/ChibiStudio/tools/GNU Tools ARM Embedded/8.3.1 2019q3/bin/../lib/gcc/arm-none-eabi/8.3.1/../../../../arm-none-eabi/lib/thumb/v7e-m/nofp/libstdc++.a(del_ops.o)
                0x000000000800cf84                operator delete(void*, unsigned int)
 .text._ZN10__cxxabiv120__si_class_type_infoD2Ev
                0x000000000800cf88       0x14 /home/antodom/installations/ChibiStudio/tools/GNU Tools ARM Embedded/8.3.1 2019q3/bin/../lib/gcc/arm-none-eabi/8.3.1/../../../../arm-none-eabi/lib/thumb/v7e-m/nofp/libstdc++.a(si_class_type_info.o)
                0x000000000800cf88                __cxxabiv1::__si_class_type_info::~__si_class_type_info()
                0x000000000800cf88                __cxxabiv1::__si_class_type_info::~__si_class_type_info()
 .text._ZN10__cxxabiv120__si_class_type_infoD0Ev
                0x000000000800cf9c       0x1c /home/antodom/installations/ChibiStudio/tools/GNU Tools ARM Embedded/8.3.1 2019q3/bin/../lib/gcc/arm-none-eabi/8.3.1/../../../../arm-none-eabi/lib/thumb/v7e-m/nofp/libstdc++.a(si_class_type_info.o)
                0x000000000800cf9c                __cxxabiv1::__si_class_type_info::~__si_class_type_info()
 .text._ZNK10__cxxabiv120__si_class_type_info20__do_find_public_srcEiPKvPKNS_17__class_type_infoES2_
                0x000000000800cfb8       0x3c /home/antodom/installations/ChibiStudio/tools/GNU Tools ARM Embedded/8.3.1 2019q3/bin/../lib/gcc/arm-none-eabi/8.3.1/../../../../arm-none-eabi/lib/thumb/v7e-m/nofp/libstdc++.a(si_class_type_info.o)
                0x000000000800cfb8                __cxxabiv1::__si_class_type_info::__do_find_public_src(int, void const*, __cxxabiv1::__class_type_info const*, void const*) const
 .text._ZNK10__cxxabiv120__si_class_type_info12__do_dyncastEiNS_17__class_type_info10__sub_kindEPKS1_PKvS4_S6_RNS1_16__dyncast_resultE
                0x000000000800cff4       0x84 /home/antodom/installations/ChibiStudio/tools/GNU Tools ARM Embedded/8.3.1 2019q3/bin/../lib/gcc/arm-none-eabi/8.3.1/../../../../arm-none-eabi/lib/thumb/v7e-m/nofp/libstdc++.a(si_class_type_info.o)
                0x000000000800cff4                __cxxabiv1::__si_class_type_info::__do_dyncast(int, __cxxabiv1::__class_type_info::__sub_kind, __cxxabiv1::__class_type_info const*, void const*, __cxxabiv1::__class_type_info const*, void const*, __cxxabiv1::__class_type_info::__dyncast_result&) const
 .text._ZNK10__cxxabiv120__si_class_type_info11__do_upcastEPKNS_17__class_type_infoEPKvRNS1_15__upcast_resultE
                0x000000000800d078       0x2c /home/antodom/installations/ChibiStudio/tools/GNU Tools ARM Embedded/8.3.1 2019q3/bin/../lib/gcc/arm-none-eabi/8.3.1/../../../../arm-none-eabi/lib/thumb/v7e-m/nofp/libstdc++.a(si_class_type_info.o)
                0x000000000800d078                __cxxabiv1::__si_class_type_info::__do_upcast(__cxxabiv1::__class_type_info const*, void const*, __cxxabiv1::__class_type_info::__upcast_result&) const
 .text._ZNSt9type_infoD2Ev
                0x000000000800d0a4        0x4 /home/antodom/installations/ChibiStudio/tools/GNU Tools ARM Embedded/8.3.1 2019q3/bin/../lib/gcc/arm-none-eabi/8.3.1/../../../../arm-none-eabi/lib/thumb/v7e-m/nofp/libstdc++.a(tinfo.o)
                0x000000000800d0a4                std::type_info::~type_info()
                0x000000000800d0a4                std::type_info::~type_info()
 .text._ZNKSt9type_info14__is_pointer_pEv
                0x000000000800d0a8        0x4 /home/antodom/installations/ChibiStudio/tools/GNU Tools ARM Embedded/8.3.1 2019q3/bin/../lib/gcc/arm-none-eabi/8.3.1/../../../../arm-none-eabi/lib/thumb/v7e-m/nofp/libstdc++.a(tinfo.o)
                0x000000000800d0a8                std::type_info::__is_function_p() const
                0x000000000800d0a8                std::type_info::__is_pointer_p() const
 .text._ZNKSt9type_infoeqERKS_
                0x000000000800d0ac       0x2c /home/antodom/installations/ChibiStudio/tools/GNU Tools ARM Embedded/8.3.1 2019q3/bin/../lib/gcc/arm-none-eabi/8.3.1/../../../../arm-none-eabi/lib/thumb/v7e-m/nofp/libstdc++.a(tinfo.o)
                0x000000000800d0ac                std::type_info::operator==(std::type_info const&) const
 .text._ZNK10__cxxabiv117__class_type_info11__do_upcastEPKS0_PPv
                0x000000000800d0d8       0x38 /home/antodom/installations/ChibiStudio/tools/GNU Tools ARM Embedded/8.3.1 2019q3/bin/../lib/gcc/arm-none-eabi/8.3.1/../../../../arm-none-eabi/lib/thumb/v7e-m/nofp/libstdc++.a(class_type_info.o)
                0x000000000800d0d8                __cxxabiv1::__class_type_info::__do_upcast(__cxxabiv1::__class_type_info const*, void**) const
 .text._ZNK10__cxxabiv117__class_type_info20__do_find_public_srcEiPKvPKS0_S2_
                0x000000000800d110        0xc /home/antodom/installations/ChibiStudio/tools/GNU Tools ARM Embedded/8.3.1 2019q3/bin/../lib/gcc/arm-none-eabi/8.3.1/../../../../arm-none-eabi/lib/thumb/v7e-m/nofp/libstdc++.a(class_type_info.o)
                0x000000000800d110                __cxxabiv1::__class_type_info::__do_find_public_src(int, void const*, __cxxabiv1::__class_type_info const*, void const*) const
 .text._ZN10__cxxabiv117__class_type_infoD2Ev
                0x000000000800d11c       0x14 /home/antodom/installations/ChibiStudio/tools/GNU Tools ARM Embedded/8.3.1 2019q3/bin/../lib/gcc/arm-none-eabi/8.3.1/../../../../arm-none-eabi/lib/thumb/v7e-m/nofp/libstdc++.a(class_type_info.o)
                0x000000000800d11c                __cxxabiv1::__class_type_info::~__class_type_info()
                0x000000000800d11c                __cxxabiv1::__class_type_info::~__class_type_info()
 .text._ZN10__cxxabiv117__class_type_infoD0Ev
                0x000000000800d130       0x1c /home/antodom/installations/ChibiStudio/tools/GNU Tools ARM Embedded/8.3.1 2019q3/bin/../lib/gcc/arm-none-eabi/8.3.1/../../../../arm-none-eabi/lib/thumb/v7e-m/nofp/libstdc++.a(class_type_info.o)
                0x000000000800d130                __cxxabiv1::__class_type_info::~__class_type_info()
 .text._ZNK10__cxxabiv117__class_type_info12__do_dyncastEiNS0_10__sub_kindEPKS0_PKvS3_S5_RNS0_16__dyncast_resultE
                0x000000000800d14c       0x44 /home/antodom/installations/ChibiStudio/tools/GNU Tools ARM Embedded/8.3.1 2019q3/bin/../lib/gcc/arm-none-eabi/8.3.1/../../../../arm-none-eabi/lib/thumb/v7e-m/nofp/libstdc++.a(class_type_info.o)
                0x000000000800d14c                __cxxabiv1::__class_type_info::__do_dyncast(int, __cxxabiv1::__class_type_info::__sub_kind, __cxxabiv1::__class_type_info const*, void const*, __cxxabiv1::__class_type_info const*, void const*, __cxxabiv1::__class_type_info::__dyncast_result&) const
 .text._ZNK10__cxxabiv117__class_type_info11__do_upcastEPKS0_PKvRNS0_15__upcast_resultE
                0x000000000800d190       0x1c /home/antodom/installations/ChibiStudio/tools/GNU Tools ARM Embedded/8.3.1 2019q3/bin/../lib/gcc/arm-none-eabi/8.3.1/../../../../arm-none-eabi/lib/thumb/v7e-m/nofp/libstdc++.a(class_type_info.o)
                0x000000000800d190                __cxxabiv1::__class_type_info::__do_upcast(__cxxabiv1::__class_type_info const*, void const*, __cxxabiv1::__class_type_info::__upcast_result&) const
 .text._ZNK10__cxxabiv117__class_type_info10__do_catchEPKSt9type_infoPPvj
                0x000000000800d1ac       0x2c /home/antodom/installations/ChibiStudio/tools/GNU Tools ARM Embedded/8.3.1 2019q3/bin/../lib/gcc/arm-none-eabi/8.3.1/../../../../arm-none-eabi/lib/thumb/v7e-m/nofp/libstdc++.a(class_type_info.o)
                0x000000000800d1ac                __cxxabiv1::__class_type_info::__do_catch(std::type_info const*, void**, unsigned int) const
 .text.__cxa_current_exception_type
                0x000000000800d1d8       0x1c /home/antodom/installations/ChibiStudio/tools/GNU Tools ARM Embedded/8.3.1 2019q3/bin/../lib/gcc/arm-none-eabi/8.3.1/../../../../arm-none-eabi/lib/thumb/v7e-m/nofp/libstdc++.a(eh_type.o)
                0x000000000800d1d8                __cxa_current_exception_type
 .text._ZdlPv   0x000000000800d1f4        0x4 /home/antodom/installations/ChibiStudio/tools/GNU Tools ARM Embedded/8.3.1 2019q3/bin/../lib/gcc/arm-none-eabi/8.3.1/../../../../arm-none-eabi/lib/thumb/v7e-m/nofp/libstdc++.a(del_op.o)
                0x000000000800d1f4                operator delete(void*)
 .text.unlikely
                0x000000000800d1f8        0xc /home/antodom/installations/ChibiStudio/tools/GNU Tools ARM Embedded/8.3.1 2019q3/bin/../lib/gcc/arm-none-eabi/8.3.1/thumb/v7e-m/nofp/libgcc.a(pr-support.o)
                0x000000000800d1f8                _Unwind_GetDataRelBase
                0x000000000800d1fe                _Unwind_GetTextRelBase
 .text.abort    0x000000000800d204       0x10 /home/antodom/installations/ChibiStudio/tools/GNU Tools ARM Embedded/8.3.1 2019q3/bin/../lib/gcc/arm-none-eabi/8.3.1/../../../../arm-none-eabi/lib/thumb/v7e-m/nofp/libg.a(lib_a-abort.o)
                0x000000000800d204                abort
 .text.__cxa_atexit
                0x000000000800d214        0xc /home/antodom/installations/ChibiStudio/tools/GNU Tools ARM Embedded/8.3.1 2019q3/bin/../lib/gcc/arm-none-eabi/8.3.1/../../../../arm-none-eabi/lib/thumb/v7e-m/nofp/libg.a(lib_a-cxa_atexit.o)
                0x000000000800d214                __cxa_atexit
 .text.fputc    0x000000000800d220       0x58 /home/antodom/installations/ChibiStudio/tools/GNU Tools ARM Embedded/8.3.1 2019q3/bin/../lib/gcc/arm-none-eabi/8.3.1/../../../../arm-none-eabi/lib/thumb/v7e-m/nofp/libg.a(lib_a-fputc.o)
                0x000000000800d220                fputc
 .text._fputs_r
                0x000000000800d278       0x84 /home/antodom/installations/ChibiStudio/tools/GNU Tools ARM Embedded/8.3.1 2019q3/bin/../lib/gcc/arm-none-eabi/8.3.1/../../../../arm-none-eabi/lib/thumb/v7e-m/nofp/libg.a(lib_a-fputs.o)
                0x000000000800d278                _fputs_r
 .text.fputs    0x000000000800d2fc       0x10 /home/antodom/installations/ChibiStudio/tools/GNU Tools ARM Embedded/8.3.1 2019q3/bin/../lib/gcc/arm-none-eabi/8.3.1/../../../../arm-none-eabi/lib/thumb/v7e-m/nofp/libg.a(lib_a-fputs.o)
                0x000000000800d2fc                fputs
 .text.__sfvwrite_r
                0x000000000800d30c      0x308 /home/antodom/installations/ChibiStudio/tools/GNU Tools ARM Embedded/8.3.1 2019q3/bin/../lib/gcc/arm-none-eabi/8.3.1/../../../../arm-none-eabi/lib/thumb/v7e-m/nofp/libg.a(lib_a-fvwrite.o)
                0x000000000800d30c                __sfvwrite_r
 .text._fwrite_r
                0x000000000800d614       0xa8 /home/antodom/installations/ChibiStudio/tools/GNU Tools ARM Embedded/8.3.1 2019q3/bin/../lib/gcc/arm-none-eabi/8.3.1/../../../../arm-none-eabi/lib/thumb/v7e-m/nofp/libg.a(lib_a-fwrite.o)
                0x000000000800d614                _fwrite_r
 .text.fwrite   0x000000000800d6bc       0x1c /home/antodom/installations/ChibiStudio/tools/GNU Tools ARM Embedded/8.3.1 2019q3/bin/../lib/gcc/arm-none-eabi/8.3.1/../../../../arm-none-eabi/lib/thumb/v7e-m/nofp/libg.a(lib_a-fwrite.o)
                0x000000000800d6bc                fwrite
 .text.__retarget_lock_init_recursive
                0x000000000800d6d8        0x4 /home/antodom/installations/ChibiStudio/tools/GNU Tools ARM Embedded/8.3.1 2019q3/bin/../lib/gcc/arm-none-eabi/8.3.1/../../../../arm-none-eabi/lib/thumb/v7e-m/nofp/libg.a(lib_a-lock.o)
                0x000000000800d6d8                __retarget_lock_init_recursive
 .text.__retarget_lock_close_recursive
                0x000000000800d6dc        0x4 /home/antodom/installations/ChibiStudio/tools/GNU Tools ARM Embedded/8.3.1 2019q3/bin/../lib/gcc/arm-none-eabi/8.3.1/../../../../arm-none-eabi/lib/thumb/v7e-m/nofp/libg.a(lib_a-lock.o)
                0x000000000800d6dc                __retarget_lock_close_recursive
 .text.__retarget_lock_acquire_recursive
                0x000000000800d6e0        0x4 /home/antodom/installations/ChibiStudio/tools/GNU Tools ARM Embedded/8.3.1 2019q3/bin/../lib/gcc/arm-none-eabi/8.3.1/../../../../arm-none-eabi/lib/thumb/v7e-m/nofp/libg.a(lib_a-lock.o)
                0x000000000800d6e0                __retarget_lock_acquire_recursive
 .text.__retarget_lock_release_recursive
                0x000000000800d6e4        0x4 /home/antodom/installations/ChibiStudio/tools/GNU Tools ARM Embedded/8.3.1 2019q3/bin/../lib/gcc/arm-none-eabi/8.3.1/../../../../arm-none-eabi/lib/thumb/v7e-m/nofp/libg.a(lib_a-lock.o)
                0x000000000800d6e4                __retarget_lock_release_recursive
 .text.malloc   0x000000000800d6e8       0x10 /home/antodom/installations/ChibiStudio/tools/GNU Tools ARM Embedded/8.3.1 2019q3/bin/../lib/gcc/arm-none-eabi/8.3.1/../../../../arm-none-eabi/lib/thumb/v7e-m/nofp/libg.a(lib_a-malloc.o)
                0x000000000800d6e8                malloc
 .text.free     0x000000000800d6f8       0x10 /home/antodom/installations/ChibiStudio/tools/GNU Tools ARM Embedded/8.3.1 2019q3/bin/../lib/gcc/arm-none-eabi/8.3.1/../../../../arm-none-eabi/lib/thumb/v7e-m/nofp/libg.a(lib_a-malloc.o)
                0x000000000800d6f8                free
 .text._malloc_r
                0x000000000800d708      0x570 /home/antodom/installations/ChibiStudio/tools/GNU Tools ARM Embedded/8.3.1 2019q3/bin/../lib/gcc/arm-none-eabi/8.3.1/../../../../arm-none-eabi/lib/thumb/v7e-m/nofp/libg.a(lib_a-mallocr.o)
                0x000000000800d708                _malloc_r
 .text.memcmp   0x000000000800dc78       0x60 /home/antodom/installations/ChibiStudio/tools/GNU Tools ARM Embedded/8.3.1 2019q3/bin/../lib/gcc/arm-none-eabi/8.3.1/../../../../arm-none-eabi/lib/thumb/v7e-m/nofp/libg.a(lib_a-memcmp.o)
                0x000000000800dc78                memcmp
 .text.memmove  0x000000000800dcd8       0xd0 /home/antodom/installations/ChibiStudio/tools/GNU Tools ARM Embedded/8.3.1 2019q3/bin/../lib/gcc/arm-none-eabi/8.3.1/../../../../arm-none-eabi/lib/thumb/v7e-m/nofp/libg.a(lib_a-memmove.o)
                0x000000000800dcd8                memmove
 .text.memset   0x000000000800dda8       0xa0 /home/antodom/installations/ChibiStudio/tools/GNU Tools ARM Embedded/8.3.1 2019q3/bin/../lib/gcc/arm-none-eabi/8.3.1/../../../../arm-none-eabi/lib/thumb/v7e-m/nofp/libg.a(lib_a-memset.o)
                0x000000000800dda8                memset
 .text.__malloc_lock
                0x000000000800de48        0xc /home/antodom/installations/ChibiStudio/tools/GNU Tools ARM Embedded/8.3.1 2019q3/bin/../lib/gcc/arm-none-eabi/8.3.1/../../../../arm-none-eabi/lib/thumb/v7e-m/nofp/libg.a(lib_a-mlock.o)
                0x000000000800de48                __malloc_lock
 .text.__malloc_unlock
                0x000000000800de54        0xc /home/antodom/installations/ChibiStudio/tools/GNU Tools ARM Embedded/8.3.1 2019q3/bin/../lib/gcc/arm-none-eabi/8.3.1/../../../../arm-none-eabi/lib/thumb/v7e-m/nofp/libg.a(lib_a-mlock.o)
                0x000000000800de54                __malloc_unlock
 .text._putc_r  0x000000000800de60       0x74 /home/antodom/installations/ChibiStudio/tools/GNU Tools ARM Embedded/8.3.1 2019q3/bin/../lib/gcc/arm-none-eabi/8.3.1/../../../../arm-none-eabi/lib/thumb/v7e-m/nofp/libg.a(lib_a-putc.o)
                0x000000000800de60                _putc_r
 .text.realloc  0x000000000800ded4       0x10 /home/antodom/installations/ChibiStudio/tools/GNU Tools ARM Embedded/8.3.1 2019q3/bin/../lib/gcc/arm-none-eabi/8.3.1/../../../../arm-none-eabi/lib/thumb/v7e-m/nofp/libg.a(lib_a-realloc.o)
                0x000000000800ded4                realloc
 .text._realloc_r
                0x000000000800dee4      0x36c /home/antodom/installations/ChibiStudio/tools/GNU Tools ARM Embedded/8.3.1 2019q3/bin/../lib/gcc/arm-none-eabi/8.3.1/../../../../arm-none-eabi/lib/thumb/v7e-m/nofp/libg.a(lib_a-reallocr.o)
                0x000000000800dee4                _realloc_r
 .text._raise_r
                0x000000000800e250       0x58 /home/antodom/installations/ChibiStudio/tools/GNU Tools ARM Embedded/8.3.1 2019q3/bin/../lib/gcc/arm-none-eabi/8.3.1/../../../../arm-none-eabi/lib/thumb/v7e-m/nofp/libg.a(lib_a-signal.o)
                0x000000000800e250                _raise_r
 .text.raise    0x000000000800e2a8       0x10 /home/antodom/installations/ChibiStudio/tools/GNU Tools ARM Embedded/8.3.1 2019q3/bin/../lib/gcc/arm-none-eabi/8.3.1/../../../../arm-none-eabi/lib/thumb/v7e-m/nofp/libg.a(lib_a-signal.o)
                0x000000000800e2a8                raise
 .text._kill_r  0x000000000800e2b8       0x28 /home/antodom/installations/ChibiStudio/tools/GNU Tools ARM Embedded/8.3.1 2019q3/bin/../lib/gcc/arm-none-eabi/8.3.1/../../../../arm-none-eabi/lib/thumb/v7e-m/nofp/libg.a(lib_a-signalr.o)
                0x000000000800e2b8                _kill_r
 .text._getpid_r
                0x000000000800e2e0        0x4 /home/antodom/installations/ChibiStudio/tools/GNU Tools ARM Embedded/8.3.1 2019q3/bin/../lib/gcc/arm-none-eabi/8.3.1/../../../../arm-none-eabi/lib/thumb/v7e-m/nofp/libg.a(lib_a-signalr.o)
                0x000000000800e2e0                _getpid_r
 .text.sprintf  0x000000000800e2e4       0x44 /home/antodom/installations/ChibiStudio/tools/GNU Tools ARM Embedded/8.3.1 2019q3/bin/../lib/gcc/arm-none-eabi/8.3.1/../../../../arm-none-eabi/lib/thumb/v7e-m/nofp/libg.a(lib_a-sprintf.o)
                0x000000000800e2e4                sprintf
 .text.strncmp  0x000000000800e328       0xa4 /home/antodom/installations/ChibiStudio/tools/GNU Tools ARM Embedded/8.3.1 2019q3/bin/../lib/gcc/arm-none-eabi/8.3.1/../../../../arm-none-eabi/lib/thumb/v7e-m/nofp/libg.a(lib_a-strncmp.o)
                0x000000000800e328                strncmp
 .text._svfprintf_r
                0x000000000800e3cc     0x19e0 /home/antodom/installations/ChibiStudio/tools/GNU Tools ARM Embedded/8.3.1 2019q3/bin/../lib/gcc/arm-none-eabi/8.3.1/../../../../arm-none-eabi/lib/thumb/v7e-m/nofp/libg.a(lib_a-svfprintf.o)
                0x000000000800e3cc                _svfprintf_r
 .text.__swbuf_r
                0x000000000800fdac       0xb0 /home/antodom/installations/ChibiStudio/tools/GNU Tools ARM Embedded/8.3.1 2019q3/bin/../lib/gcc/arm-none-eabi/8.3.1/../../../../arm-none-eabi/lib/thumb/v7e-m/nofp/libg.a(lib_a-wbuf.o)
                0x000000000800fdac                __swbuf_r
 .text.__swsetup_r
                0x000000000800fe5c       0xd0 /home/antodom/installations/ChibiStudio/tools/GNU Tools ARM Embedded/8.3.1 2019q3/bin/../lib/gcc/arm-none-eabi/8.3.1/../../../../arm-none-eabi/lib/thumb/v7e-m/nofp/libg.a(lib_a-wsetup.o)
                0x000000000800fe5c                __swsetup_r
 .text.__register_exitproc
                0x000000000800ff2c       0x88 /home/antodom/installations/ChibiStudio/tools/GNU Tools ARM Embedded/8.3.1 2019q3/bin/../lib/gcc/arm-none-eabi/8.3.1/../../../../arm-none-eabi/lib/thumb/v7e-m/nofp/libg.a(lib_a-__atexit.o)
                0x000000000800ff2c                __register_exitproc
 .text.startup.register_fini
                0x000000000800ffb4       0x14 /home/antodom/installations/ChibiStudio/tools/GNU Tools ARM Embedded/8.3.1 2019q3/bin/../lib/gcc/arm-none-eabi/8.3.1/../../../../arm-none-eabi/lib/thumb/v7e-m/nofp/libg.a(lib_a-__call_atexit.o)
 .text.atexit   0x000000000800ffc8        0xc /home/antodom/installations/ChibiStudio/tools/GNU Tools ARM Embedded/8.3.1 2019q3/bin/../lib/gcc/arm-none-eabi/8.3.1/../../../../arm-none-eabi/lib/thumb/v7e-m/nofp/libg.a(lib_a-atexit.o)
                0x000000000800ffc8                atexit
 .text.quorem   0x000000000800ffd4      0x124 /home/antodom/installations/ChibiStudio/tools/GNU Tools ARM Embedded/8.3.1 2019q3/bin/../lib/gcc/arm-none-eabi/8.3.1/../../../../arm-none-eabi/lib/thumb/v7e-m/nofp/libg.a(lib_a-dtoa.o)
 .text._dtoa_r  0x00000000080100f8      0xe60 /home/antodom/installations/ChibiStudio/tools/GNU Tools ARM Embedded/8.3.1 2019q3/bin/../lib/gcc/arm-none-eabi/8.3.1/../../../../arm-none-eabi/lib/thumb/v7e-m/nofp/libg.a(lib_a-dtoa.o)
                0x00000000080100f8                _dtoa_r
 .text.__sflush_r
                0x0000000008010f58      0x14c /home/antodom/installations/ChibiStudio/tools/GNU Tools ARM Embedded/8.3.1 2019q3/bin/../lib/gcc/arm-none-eabi/8.3.1/../../../../arm-none-eabi/lib/thumb/v7e-m/nofp/libg.a(lib_a-fflush.o)
                0x0000000008010f58                __sflush_r
 .text._fflush_r
                0x00000000080110a4       0x5c /home/antodom/installations/ChibiStudio/tools/GNU Tools ARM Embedded/8.3.1 2019q3/bin/../lib/gcc/arm-none-eabi/8.3.1/../../../../arm-none-eabi/lib/thumb/v7e-m/nofp/libg.a(lib_a-fflush.o)
                0x00000000080110a4                _fflush_r
 .text.std      0x0000000008011100       0x50 /home/antodom/installations/ChibiStudio/tools/GNU Tools ARM Embedded/8.3.1 2019q3/bin/../lib/gcc/arm-none-eabi/8.3.1/../../../../arm-none-eabi/lib/thumb/v7e-m/nofp/libg.a(lib_a-findfp.o)
 .text._cleanup_r
                0x0000000008011150        0xc /home/antodom/installations/ChibiStudio/tools/GNU Tools ARM Embedded/8.3.1 2019q3/bin/../lib/gcc/arm-none-eabi/8.3.1/../../../../arm-none-eabi/lib/thumb/v7e-m/nofp/libg.a(lib_a-findfp.o)
                0x0000000008011150                _cleanup_r
 .text.__sinit  0x000000000801115c       0x54 /home/antodom/installations/ChibiStudio/tools/GNU Tools ARM Embedded/8.3.1 2019q3/bin/../lib/gcc/arm-none-eabi/8.3.1/../../../../arm-none-eabi/lib/thumb/v7e-m/nofp/libg.a(lib_a-findfp.o)
                0x000000000801115c                __sinit
 .text.__sfp_lock_acquire
                0x00000000080111b0        0xc /home/antodom/installations/ChibiStudio/tools/GNU Tools ARM Embedded/8.3.1 2019q3/bin/../lib/gcc/arm-none-eabi/8.3.1/../../../../arm-none-eabi/lib/thumb/v7e-m/nofp/libg.a(lib_a-findfp.o)
                0x00000000080111b0                __sfp_lock_acquire
 .text.__sfp_lock_release
                0x00000000080111bc        0xc /home/antodom/installations/ChibiStudio/tools/GNU Tools ARM Embedded/8.3.1 2019q3/bin/../lib/gcc/arm-none-eabi/8.3.1/../../../../arm-none-eabi/lib/thumb/v7e-m/nofp/libg.a(lib_a-findfp.o)
                0x00000000080111bc                __sfp_lock_release
 .text.__libc_fini_array
                0x00000000080111c8       0x34 /home/antodom/installations/ChibiStudio/tools/GNU Tools ARM Embedded/8.3.1 2019q3/bin/../lib/gcc/arm-none-eabi/8.3.1/../../../../arm-none-eabi/lib/thumb/v7e-m/nofp/libg.a(lib_a-fini.o)
                0x00000000080111c8                __libc_fini_array
 .text._malloc_trim_r
                0x00000000080111fc       0xa0 /home/antodom/installations/ChibiStudio/tools/GNU Tools ARM Embedded/8.3.1 2019q3/bin/../lib/gcc/arm-none-eabi/8.3.1/../../../../arm-none-eabi/lib/thumb/v7e-m/nofp/libg.a(lib_a-freer.o)
                0x00000000080111fc                _malloc_trim_r
 .text._free_r  0x000000000801129c      0x1f4 /home/antodom/installations/ChibiStudio/tools/GNU Tools ARM Embedded/8.3.1 2019q3/bin/../lib/gcc/arm-none-eabi/8.3.1/../../../../arm-none-eabi/lib/thumb/v7e-m/nofp/libg.a(lib_a-freer.o)
                0x000000000801129c                _free_r
 .text._fwalk_reent
                0x0000000008011490       0x54 /home/antodom/installations/ChibiStudio/tools/GNU Tools ARM Embedded/8.3.1 2019q3/bin/../lib/gcc/arm-none-eabi/8.3.1/../../../../arm-none-eabi/lib/thumb/v7e-m/nofp/libg.a(lib_a-fwalk.o)
                0x0000000008011490                _fwalk_reent
 .text._localeconv_r
                0x00000000080114e4        0x8 /home/antodom/installations/ChibiStudio/tools/GNU Tools ARM Embedded/8.3.1 2019q3/bin/../lib/gcc/arm-none-eabi/8.3.1/../../../../arm-none-eabi/lib/thumb/v7e-m/nofp/libg.a(lib_a-localeconv.o)
                0x00000000080114e4                _localeconv_r
 .text.__swhatbuf_r
                0x00000000080114ec       0x5c /home/antodom/installations/ChibiStudio/tools/GNU Tools ARM Embedded/8.3.1 2019q3/bin/../lib/gcc/arm-none-eabi/8.3.1/../../../../arm-none-eabi/lib/thumb/v7e-m/nofp/libg.a(lib_a-makebuf.o)
                0x00000000080114ec                __swhatbuf_r
 .text.__smakebuf_r
                0x0000000008011548       0x94 /home/antodom/installations/ChibiStudio/tools/GNU Tools ARM Embedded/8.3.1 2019q3/bin/../lib/gcc/arm-none-eabi/8.3.1/../../../../arm-none-eabi/lib/thumb/v7e-m/nofp/libg.a(lib_a-makebuf.o)
                0x0000000008011548                __smakebuf_r
 .text._Balloc  0x00000000080115dc       0x4c /home/antodom/installations/ChibiStudio/tools/GNU Tools ARM Embedded/8.3.1 2019q3/bin/../lib/gcc/arm-none-eabi/8.3.1/../../../../arm-none-eabi/lib/thumb/v7e-m/nofp/libg.a(lib_a-mprec.o)
                0x00000000080115dc                _Balloc
 .text._Bfree   0x0000000008011628       0x14 /home/antodom/installations/ChibiStudio/tools/GNU Tools ARM Embedded/8.3.1 2019q3/bin/../lib/gcc/arm-none-eabi/8.3.1/../../../../arm-none-eabi/lib/thumb/v7e-m/nofp/libg.a(lib_a-mprec.o)
                0x0000000008011628                _Bfree
 .text.__multadd
                0x000000000801163c       0x8c /home/antodom/installations/ChibiStudio/tools/GNU Tools ARM Embedded/8.3.1 2019q3/bin/../lib/gcc/arm-none-eabi/8.3.1/../../../../arm-none-eabi/lib/thumb/v7e-m/nofp/libg.a(lib_a-mprec.o)
                0x000000000801163c                __multadd
 .text.__hi0bits
                0x00000000080116c8       0x40 /home/antodom/installations/ChibiStudio/tools/GNU Tools ARM Embedded/8.3.1 2019q3/bin/../lib/gcc/arm-none-eabi/8.3.1/../../../../arm-none-eabi/lib/thumb/v7e-m/nofp/libg.a(lib_a-mprec.o)
                0x00000000080116c8                __hi0bits
 .text.__lo0bits
                0x0000000008011708       0x60 /home/antodom/installations/ChibiStudio/tools/GNU Tools ARM Embedded/8.3.1 2019q3/bin/../lib/gcc/arm-none-eabi/8.3.1/../../../../arm-none-eabi/lib/thumb/v7e-m/nofp/libg.a(lib_a-mprec.o)
                0x0000000008011708                __lo0bits
 .text.__i2b    0x0000000008011768       0x14 /home/antodom/installations/ChibiStudio/tools/GNU Tools ARM Embedded/8.3.1 2019q3/bin/../lib/gcc/arm-none-eabi/8.3.1/../../../../arm-none-eabi/lib/thumb/v7e-m/nofp/libg.a(lib_a-mprec.o)
                0x0000000008011768                __i2b
 .text.__multiply
                0x000000000801177c      0x130 /home/antodom/installations/ChibiStudio/tools/GNU Tools ARM Embedded/8.3.1 2019q3/bin/../lib/gcc/arm-none-eabi/8.3.1/../../../../arm-none-eabi/lib/thumb/v7e-m/nofp/libg.a(lib_a-mprec.o)
                0x000000000801177c                __multiply
 .text.__pow5mult
                0x00000000080118ac       0xa0 /home/antodom/installations/ChibiStudio/tools/GNU Tools ARM Embedded/8.3.1 2019q3/bin/../lib/gcc/arm-none-eabi/8.3.1/../../../../arm-none-eabi/lib/thumb/v7e-m/nofp/libg.a(lib_a-mprec.o)
                0x00000000080118ac                __pow5mult
 .text.__lshift
                0x000000000801194c       0xb4 /home/antodom/installations/ChibiStudio/tools/GNU Tools ARM Embedded/8.3.1 2019q3/bin/../lib/gcc/arm-none-eabi/8.3.1/../../../../arm-none-eabi/lib/thumb/v7e-m/nofp/libg.a(lib_a-mprec.o)
                0x000000000801194c                __lshift
 .text.__mcmp   0x0000000008011a00       0x38 /home/antodom/installations/ChibiStudio/tools/GNU Tools ARM Embedded/8.3.1 2019q3/bin/../lib/gcc/arm-none-eabi/8.3.1/../../../../arm-none-eabi/lib/thumb/v7e-m/nofp/libg.a(lib_a-mprec.o)
                0x0000000008011a00                __mcmp
 .text.__mdiff  0x0000000008011a38       0xf8 /home/antodom/installations/ChibiStudio/tools/GNU Tools ARM Embedded/8.3.1 2019q3/bin/../lib/gcc/arm-none-eabi/8.3.1/../../../../arm-none-eabi/lib/thumb/v7e-m/nofp/libg.a(lib_a-mprec.o)
                0x0000000008011a38                __mdiff
 .text.__d2b    0x0000000008011b30       0xac /home/antodom/installations/ChibiStudio/tools/GNU Tools ARM Embedded/8.3.1 2019q3/bin/../lib/gcc/arm-none-eabi/8.3.1/../../../../arm-none-eabi/lib/thumb/v7e-m/nofp/libg.a(lib_a-mprec.o)
                0x0000000008011b30                __d2b
 .text.frexp    0x0000000008011bdc       0x70 /home/antodom/installations/ChibiStudio/tools/GNU Tools ARM Embedded/8.3.1 2019q3/bin/../lib/gcc/arm-none-eabi/8.3.1/../../../../arm-none-eabi/lib/thumb/v7e-m/nofp/libg.a(lib_a-s_frexp.o)
                0x0000000008011bdc                frexp
 .text.__sread  0x0000000008011c4c       0x24 /home/antodom/installations/ChibiStudio/tools/GNU Tools ARM Embedded/8.3.1 2019q3/bin/../lib/gcc/arm-none-eabi/8.3.1/../../../../arm-none-eabi/lib/thumb/v7e-m/nofp/libg.a(lib_a-stdio.o)
                0x0000000008011c4c                __sread
 .text.__swrite
                0x0000000008011c70       0x40 /home/antodom/installations/ChibiStudio/tools/GNU Tools ARM Embedded/8.3.1 2019q3/bin/../lib/gcc/arm-none-eabi/8.3.1/../../../../arm-none-eabi/lib/thumb/v7e-m/nofp/libg.a(lib_a-stdio.o)
                0x0000000008011c70                __swrite
 .text.__sseek  0x0000000008011cb0       0x20 /home/antodom/installations/ChibiStudio/tools/GNU Tools ARM Embedded/8.3.1 2019q3/bin/../lib/gcc/arm-none-eabi/8.3.1/../../../../arm-none-eabi/lib/thumb/v7e-m/nofp/libg.a(lib_a-stdio.o)
                0x0000000008011cb0                __sseek
 .text.__sclose
                0x0000000008011cd0        0x8 /home/antodom/installations/ChibiStudio/tools/GNU Tools ARM Embedded/8.3.1 2019q3/bin/../lib/gcc/arm-none-eabi/8.3.1/../../../../arm-none-eabi/lib/thumb/v7e-m/nofp/libg.a(lib_a-stdio.o)
                0x0000000008011cd0                __sclose
 .text.strncpy  0x0000000008011cd8       0x74 /home/antodom/installations/ChibiStudio/tools/GNU Tools ARM Embedded/8.3.1 2019q3/bin/../lib/gcc/arm-none-eabi/8.3.1/../../../../arm-none-eabi/lib/thumb/v7e-m/nofp/libg.a(lib_a-strncpy.o)
                0x0000000008011cd8                strncpy
 .text.__ssprint_r
                0x0000000008011d4c       0xf8 /home/antodom/installations/ChibiStudio/tools/GNU Tools ARM Embedded/8.3.1 2019q3/bin/../lib/gcc/arm-none-eabi/8.3.1/../../../../arm-none-eabi/lib/thumb/v7e-m/nofp/libg.a(lib_a-svfiprintf.o)
                0x0000000008011d4c                __ssprint_r
 .text._calloc_r
                0x0000000008011e44       0x60 /home/antodom/installations/ChibiStudio/tools/GNU Tools ARM Embedded/8.3.1 2019q3/bin/../lib/gcc/arm-none-eabi/8.3.1/../../../../arm-none-eabi/lib/thumb/v7e-m/nofp/libg.a(lib_a-callocr.o)
                0x0000000008011e44                _calloc_r
 .text._fclose_r
                0x0000000008011ea4       0xd0 /home/antodom/installations/ChibiStudio/tools/GNU Tools ARM Embedded/8.3.1 2019q3/bin/../lib/gcc/arm-none-eabi/8.3.1/../../../../arm-none-eabi/lib/thumb/v7e-m/nofp/libg.a(lib_a-fclose.o)
                0x0000000008011ea4                _fclose_r
 .text.__ascii_mbtowc
                0x0000000008011f74       0x2c /home/antodom/installations/ChibiStudio/tools/GNU Tools ARM Embedded/8.3.1 2019q3/bin/../lib/gcc/arm-none-eabi/8.3.1/../../../../arm-none-eabi/lib/thumb/v7e-m/nofp/libg.a(lib_a-mbtowc_r.o)
                0x0000000008011f74                __ascii_mbtowc
 .text.__ascii_wctomb
                0x0000000008011fa0       0x1c /home/antodom/installations/ChibiStudio/tools/GNU Tools ARM Embedded/8.3.1 2019q3/bin/../lib/gcc/arm-none-eabi/8.3.1/../../../../arm-none-eabi/lib/thumb/v7e-m/nofp/libg.a(lib_a-wctomb_r.o)
                0x0000000008011fa0                __ascii_wctomb
 *(.glue_7t)
 .glue_7t       0x0000000008011fbc        0x0 linker stubs
 *(.glue_7)
 .glue_7        0x0000000008011fbc        0x0 linker stubs
 *(.gcc*)
                0x0000000008011fbc                __text_end = .

.vfp11_veneer   0x0000000008011fbc        0x0
 .vfp11_veneer  0x0000000008011fbc        0x0 linker stubs

.v4_bx          0x0000000008011fbc        0x0
 .v4_bx         0x0000000008011fbc        0x0 linker stubs

.iplt           0x0000000008011fbc        0x0
 .iplt          0x0000000008011fbc        0x0 ./build/obj/crt0_v7m.o

.rodata         0x0000000008011fc0     0x185c
                0x0000000008011fc0                __rodata_base__ = .
 *(.rodata)
 .rodata        0x0000000008011fc0      0x79d /home/antodom/installations/ChibiStudio/tools/GNU Tools ARM Embedded/8.3.1 2019q3/bin/../lib/gcc/arm-none-eabi/8.3.1/../../../../arm-none-eabi/lib/thumb/v7e-m/nofp/libstdc++.a(cp-demangle.o)
 *(.rodata.*)
 *fill*         0x000000000801275d        0x3 
 .rodata._ZN9soft_uart7chibios4uartIXadL_Z5GPTD1EELj256ELj256EE12_gpt_config_E
                0x0000000008012760       0x10 /tmp/ccxSiIU7.ltrans0.ltrans.o
 .rodata._ZN9soft_uart7chibios4uartIXadL_Z5GPTD3EELj256ELj256EE12_gpt_config_E
                0x0000000008012770       0x10 /tmp/ccxSiIU7.ltrans0.ltrans.o
 .rodata._ZZL11chSysUnlockvE8__func__
                0x0000000008012780        0xc /tmp/ccxSiIU7.ltrans0.ltrans.o
 .rodata.__func__.6340.lto_priv.53
                0x000000000801278c        0xc /tmp/ccxSiIU7.ltrans0.ltrans.o
 .rodata.__func__.6340.lto_priv.54
                0x0000000008012798        0xc /tmp/ccxSiIU7.ltrans0.ltrans.o
 .rodata.__func__.6340.lto_priv.55
                0x00000000080127a4        0xc /tmp/ccxSiIU7.ltrans0.ltrans.o
 .rodata.__func__.6340.lto_priv.56
                0x00000000080127b0        0xc /tmp/ccxSiIU7.ltrans0.ltrans.o
 .rodata.__func__.6340.lto_priv.57
                0x00000000080127bc        0xc /tmp/ccxSiIU7.ltrans0.ltrans.o
 .rodata.__func__.6340.lto_priv.58
                0x00000000080127c8        0xc /tmp/ccxSiIU7.ltrans0.ltrans.o
 .rodata.__func__.6426
                0x00000000080127d4        0xc /tmp/ccxSiIU7.ltrans0.ltrans.o
 .rodata.__func__.6537
                0x00000000080127e0       0x14 /tmp/ccxSiIU7.ltrans0.ltrans.o
 .rodata.__func__.6742.lto_priv.63
                0x00000000080127f4        0xc /tmp/ccxSiIU7.ltrans0.ltrans.o
 .rodata.__func__.6742.lto_priv.64
                0x0000000008012800        0xc /tmp/ccxSiIU7.ltrans0.ltrans.o
 .rodata.__func__.7329
                0x000000000801280c        0xc /tmp/ccxSiIU7.ltrans0.ltrans.o
 .rodata.__func__.7332.lto_priv.61
                0x0000000008012818        0xb /tmp/ccxSiIU7.ltrans0.ltrans.o
 *fill*         0x0000000008012823        0x1 
 .rodata.__func__.7332.lto_priv.62
                0x0000000008012824        0xb /tmp/ccxSiIU7.ltrans0.ltrans.o
 *fill*         0x000000000801282f        0x1 
 .rodata.__func__.7336
                0x0000000008012830       0x11 /tmp/ccxSiIU7.ltrans0.ltrans.o
 *fill*         0x0000000008012841        0x3 
 .rodata.__func__.7343
                0x0000000008012844        0xc /tmp/ccxSiIU7.ltrans0.ltrans.o
 .rodata.__func__.7354
                0x0000000008012850        0xb /tmp/ccxSiIU7.ltrans0.ltrans.o
 *fill*         0x000000000801285b        0x1 
 .rodata.__func__.7355
                0x000000000801285c        0xc /tmp/ccxSiIU7.ltrans0.ltrans.o
 .rodata.__func__.7364.lto_priv.59
                0x0000000008012868        0xd /tmp/ccxSiIU7.ltrans0.ltrans.o
 *fill*         0x0000000008012875        0x3 
 .rodata.__func__.7364.lto_priv.60
                0x0000000008012878        0xd /tmp/ccxSiIU7.ltrans0.ltrans.o
 *fill*         0x0000000008012885        0x3 
 .rodata.__func__.7379
                0x0000000008012888        0xb /tmp/ccxSiIU7.ltrans0.ltrans.o
 *fill*         0x0000000008012893        0x1 
 .rodata.__func__.7732
                0x0000000008012894       0x10 /tmp/ccxSiIU7.ltrans0.ltrans.o
 .rodata.__func__.8093
                0x00000000080128a4        0xd /tmp/ccxSiIU7.ltrans0.ltrans.o
 *fill*         0x00000000080128b1        0x3 
 .rodata.__func__.8097
                0x00000000080128b4        0x9 /tmp/ccxSiIU7.ltrans0.ltrans.o
 *fill*         0x00000000080128bd        0x3 
 .rodata.__func__.8099
                0x00000000080128c0        0xe /tmp/ccxSiIU7.ltrans0.ltrans.o
 *fill*         0x00000000080128ce        0x2 
 .rodata.__func__.8100
                0x00000000080128d0        0xb /tmp/ccxSiIU7.ltrans0.ltrans.o
 *fill*         0x00000000080128db        0x1 
 .rodata.__func__.8101
                0x00000000080128dc        0x8 /tmp/ccxSiIU7.ltrans0.ltrans.o
 .rodata.__func__.8115
                0x00000000080128e4       0x14 /tmp/ccxSiIU7.ltrans0.ltrans.o
 .rodata.__func__.8123
                0x00000000080128f8       0x18 /tmp/ccxSiIU7.ltrans0.ltrans.o
 .rodata.__func__.8131.lto_priv.65
                0x0000000008012910        0xe /tmp/ccxSiIU7.ltrans0.ltrans.o
 *fill*         0x000000000801291e        0x2 
 .rodata.__func__.8131.lto_priv.66
                0x0000000008012920        0x5 /tmp/ccxSiIU7.ltrans0.ltrans.o
 *fill*         0x0000000008012925        0x3 
 .rodata.__func__.8135
                0x0000000008012928       0x19 /tmp/ccxSiIU7.ltrans0.ltrans.o
 *fill*         0x0000000008012941        0x3 
 .rodata.__func__.8147
                0x0000000008012944        0x8 /tmp/ccxSiIU7.ltrans0.ltrans.o
 .rodata._exit.str1.4
                0x000000000801294c        0xb /tmp/ccxSiIU7.ltrans0.ltrans.o
 *fill*         0x0000000008012957        0x1 
 .rodata.ch_debug
                0x0000000008012958       0x16 /tmp/ccxSiIU7.ltrans0.ltrans.o
 .rodata.chprintf.constprop.33.str1.4
                0x000000000801296e        0x7 /tmp/ccxSiIU7.ltrans0.ltrans.o
 *fill*         0x000000000801296e        0x2 
 .rodata.main.str1.4
                0x0000000008012970      0x100 /tmp/ccxSiIU7.ltrans0.ltrans.o
                                         0xfd (size before relaxing)
 .rodata.ram_areas
                0x0000000008012a70       0x80 /tmp/ccxSiIU7.ltrans0.ltrans.o
 .rodata.vmt    0x0000000008012af0       0x28 /tmp/ccxSiIU7.ltrans0.ltrans.o
 .rodata._ZNKSt13bad_exception4whatEv.str1.4
                0x0000000008012b18       0x13 /home/antodom/installations/ChibiStudio/tools/GNU Tools ARM Embedded/8.3.1 2019q3/bin/../lib/gcc/arm-none-eabi/8.3.1/../../../../arm-none-eabi/lib/thumb/v7e-m/nofp/libstdc++.a(eh_exception.o)
 *fill*         0x0000000008012b2b        0x1 
 .rodata._ZTIN10__cxxabiv115__forced_unwindE
                0x0000000008012b2c        0x8 /home/antodom/installations/ChibiStudio/tools/GNU Tools ARM Embedded/8.3.1 2019q3/bin/../lib/gcc/arm-none-eabi/8.3.1/../../../../arm-none-eabi/lib/thumb/v7e-m/nofp/libstdc++.a(eh_exception.o)
                0x0000000008012b2c                typeinfo for __cxxabiv1::__forced_unwind
 .rodata._ZTIN10__cxxabiv119__foreign_exceptionE
                0x0000000008012b34        0x8 /home/antodom/installations/ChibiStudio/tools/GNU Tools ARM Embedded/8.3.1 2019q3/bin/../lib/gcc/arm-none-eabi/8.3.1/../../../../arm-none-eabi/lib/thumb/v7e-m/nofp/libstdc++.a(eh_exception.o)
                0x0000000008012b34                typeinfo for __cxxabiv1::__foreign_exception
 .rodata._ZTISt13bad_exception
                0x0000000008012b3c        0xc /home/antodom/installations/ChibiStudio/tools/GNU Tools ARM Embedded/8.3.1 2019q3/bin/../lib/gcc/arm-none-eabi/8.3.1/../../../../arm-none-eabi/lib/thumb/v7e-m/nofp/libstdc++.a(eh_exception.o)
                0x0000000008012b3c                typeinfo for std::bad_exception
 .rodata._ZTISt9exception
                0x0000000008012b48        0x8 /home/antodom/installations/ChibiStudio/tools/GNU Tools ARM Embedded/8.3.1 2019q3/bin/../lib/gcc/arm-none-eabi/8.3.1/../../../../arm-none-eabi/lib/thumb/v7e-m/nofp/libstdc++.a(eh_exception.o)
                0x0000000008012b48                typeinfo for std::exception
 .rodata._ZTSN10__cxxabiv115__forced_unwindE
                0x0000000008012b50       0x20 /home/antodom/installations/ChibiStudio/tools/GNU Tools ARM Embedded/8.3.1 2019q3/bin/../lib/gcc/arm-none-eabi/8.3.1/../../../../arm-none-eabi/lib/thumb/v7e-m/nofp/libstdc++.a(eh_exception.o)
                0x0000000008012b50                typeinfo name for __cxxabiv1::__forced_unwind
 .rodata._ZTSN10__cxxabiv119__foreign_exceptionE
                0x0000000008012b70       0x24 /home/antodom/installations/ChibiStudio/tools/GNU Tools ARM Embedded/8.3.1 2019q3/bin/../lib/gcc/arm-none-eabi/8.3.1/../../../../arm-none-eabi/lib/thumb/v7e-m/nofp/libstdc++.a(eh_exception.o)
                0x0000000008012b70                typeinfo name for __cxxabiv1::__foreign_exception
 .rodata._ZTSSt13bad_exception
                0x0000000008012b94       0x12 /home/antodom/installations/ChibiStudio/tools/GNU Tools ARM Embedded/8.3.1 2019q3/bin/../lib/gcc/arm-none-eabi/8.3.1/../../../../arm-none-eabi/lib/thumb/v7e-m/nofp/libstdc++.a(eh_exception.o)
                0x0000000008012b94                typeinfo name for std::bad_exception
 *fill*         0x0000000008012ba6        0x2 
 .rodata._ZTSSt9exception
                0x0000000008012ba8        0xd /home/antodom/installations/ChibiStudio/tools/GNU Tools ARM Embedded/8.3.1 2019q3/bin/../lib/gcc/arm-none-eabi/8.3.1/../../../../arm-none-eabi/lib/thumb/v7e-m/nofp/libstdc++.a(eh_exception.o)
                0x0000000008012ba8                typeinfo name for std::exception
 *fill*         0x0000000008012bb5        0x3 
 .rodata._ZTVSt13bad_exception
                0x0000000008012bb8       0x14 /home/antodom/installations/ChibiStudio/tools/GNU Tools ARM Embedded/8.3.1 2019q3/bin/../lib/gcc/arm-none-eabi/8.3.1/../../../../arm-none-eabi/lib/thumb/v7e-m/nofp/libstdc++.a(eh_exception.o)
                0x0000000008012bb8                vtable for std::bad_exception
 .rodata._ZN9__gnu_cxx27__verbose_terminate_handlerEv.str1.4
                0x0000000008012bcc       0x94 /home/antodom/installations/ChibiStudio/tools/GNU Tools ARM Embedded/8.3.1 2019q3/bin/../lib/gcc/arm-none-eabi/8.3.1/../../../../arm-none-eabi/lib/thumb/v7e-m/nofp/libstdc++.a(vterminate.o)
 .rodata.str1.4
                0x0000000008012c60      0x862 /home/antodom/installations/ChibiStudio/tools/GNU Tools ARM Embedded/8.3.1 2019q3/bin/../lib/gcc/arm-none-eabi/8.3.1/../../../../arm-none-eabi/lib/thumb/v7e-m/nofp/libstdc++.a(cp-demangle.o)
                                        0x8b2 (size before relaxing)
 *fill*         0x00000000080134c2        0x2 
 .rodata._ZTIN10__cxxabiv120__si_class_type_infoE
                0x00000000080134c4        0xc /home/antodom/installations/ChibiStudio/tools/GNU Tools ARM Embedded/8.3.1 2019q3/bin/../lib/gcc/arm-none-eabi/8.3.1/../../../../arm-none-eabi/lib/thumb/v7e-m/nofp/libstdc++.a(si_class_type_info.o)
                0x00000000080134c4                typeinfo for __cxxabiv1::__si_class_type_info
 .rodata._ZTSN10__cxxabiv120__si_class_type_infoE
                0x00000000080134d0       0x25 /home/antodom/installations/ChibiStudio/tools/GNU Tools ARM Embedded/8.3.1 2019q3/bin/../lib/gcc/arm-none-eabi/8.3.1/../../../../arm-none-eabi/lib/thumb/v7e-m/nofp/libstdc++.a(si_class_type_info.o)
                0x00000000080134d0                typeinfo name for __cxxabiv1::__si_class_type_info
 *fill*         0x00000000080134f5        0x3 
 .rodata._ZTVN10__cxxabiv120__si_class_type_infoE
                0x00000000080134f8       0x2c /home/antodom/installations/ChibiStudio/tools/GNU Tools ARM Embedded/8.3.1 2019q3/bin/../lib/gcc/arm-none-eabi/8.3.1/../../../../arm-none-eabi/lib/thumb/v7e-m/nofp/libstdc++.a(si_class_type_info.o)
                0x00000000080134f8                vtable for __cxxabiv1::__si_class_type_info
 .rodata._ZTISt9type_info
                0x0000000008013524        0x8 /home/antodom/installations/ChibiStudio/tools/GNU Tools ARM Embedded/8.3.1 2019q3/bin/../lib/gcc/arm-none-eabi/8.3.1/../../../../arm-none-eabi/lib/thumb/v7e-m/nofp/libstdc++.a(tinfo.o)
                0x0000000008013524                typeinfo for std::type_info
 .rodata._ZTSSt9type_info
                0x000000000801352c        0xd /home/antodom/installations/ChibiStudio/tools/GNU Tools ARM Embedded/8.3.1 2019q3/bin/../lib/gcc/arm-none-eabi/8.3.1/../../../../arm-none-eabi/lib/thumb/v7e-m/nofp/libstdc++.a(tinfo.o)
                0x000000000801352c                typeinfo name for std::type_info
 *fill*         0x0000000008013539        0x3 
 .rodata._ZTIN10__cxxabiv117__class_type_infoE
                0x000000000801353c        0xc /home/antodom/installations/ChibiStudio/tools/GNU Tools ARM Embedded/8.3.1 2019q3/bin/../lib/gcc/arm-none-eabi/8.3.1/../../../../arm-none-eabi/lib/thumb/v7e-m/nofp/libstdc++.a(class_type_info.o)
                0x000000000801353c                typeinfo for __cxxabiv1::__class_type_info
 .rodata._ZTSN10__cxxabiv117__class_type_infoE
                0x0000000008013548       0x22 /home/antodom/installations/ChibiStudio/tools/GNU Tools ARM Embedded/8.3.1 2019q3/bin/../lib/gcc/arm-none-eabi/8.3.1/../../../../arm-none-eabi/lib/thumb/v7e-m/nofp/libstdc++.a(class_type_info.o)
                0x0000000008013548                typeinfo name for __cxxabiv1::__class_type_info
 *fill*         0x000000000801356a        0x2 
 .rodata._ZTVN10__cxxabiv117__class_type_infoE
                0x000000000801356c       0x2c /home/antodom/installations/ChibiStudio/tools/GNU Tools ARM Embedded/8.3.1 2019q3/bin/../lib/gcc/arm-none-eabi/8.3.1/../../../../arm-none-eabi/lib/thumb/v7e-m/nofp/libstdc++.a(class_type_info.o)
                0x000000000801356c                vtable for __cxxabiv1::__class_type_info
 .rodata._global_impure_ptr
                0x0000000008013598        0x4 /home/antodom/installations/ChibiStudio/tools/GNU Tools ARM Embedded/8.3.1 2019q3/bin/../lib/gcc/arm-none-eabi/8.3.1/../../../../arm-none-eabi/lib/thumb/v7e-m/nofp/libg.a(lib_a-impure.o)
                0x0000000008013598                _global_impure_ptr
 .rodata._svfprintf_r.str1.4
                0x000000000801359c       0x42 /home/antodom/installations/ChibiStudio/tools/GNU Tools ARM Embedded/8.3.1 2019q3/bin/../lib/gcc/arm-none-eabi/8.3.1/../../../../arm-none-eabi/lib/thumb/v7e-m/nofp/libg.a(lib_a-svfprintf.o)
 *fill*         0x00000000080135de        0x2 
 .rodata.blanks.7355
                0x00000000080135e0       0x10 /home/antodom/installations/ChibiStudio/tools/GNU Tools ARM Embedded/8.3.1 2019q3/bin/../lib/gcc/arm-none-eabi/8.3.1/../../../../arm-none-eabi/lib/thumb/v7e-m/nofp/libg.a(lib_a-svfprintf.o)
 .rodata.zeroes.7356
                0x00000000080135f0       0x10 /home/antodom/installations/ChibiStudio/tools/GNU Tools ARM Embedded/8.3.1 2019q3/bin/../lib/gcc/arm-none-eabi/8.3.1/../../../../arm-none-eabi/lib/thumb/v7e-m/nofp/libg.a(lib_a-svfprintf.o)
 .rodata._dtoa_r.str1.4
                0x0000000008013600        0xd /home/antodom/installations/ChibiStudio/tools/GNU Tools ARM Embedded/8.3.1 2019q3/bin/../lib/gcc/arm-none-eabi/8.3.1/../../../../arm-none-eabi/lib/thumb/v7e-m/nofp/libg.a(lib_a-dtoa.o)
                                         0x12 (size before relaxing)
 *fill*         0x000000000801360d        0x3 
 .rodata.__mprec_bigtens
                0x0000000008013610       0x28 /home/antodom/installations/ChibiStudio/tools/GNU Tools ARM Embedded/8.3.1 2019q3/bin/../lib/gcc/arm-none-eabi/8.3.1/../../../../arm-none-eabi/lib/thumb/v7e-m/nofp/libg.a(lib_a-mprec.o)
                0x0000000008013610                __mprec_bigtens
 .rodata.__mprec_tens
                0x0000000008013638       0xc8 /home/antodom/installations/ChibiStudio/tools/GNU Tools ARM Embedded/8.3.1 2019q3/bin/../lib/gcc/arm-none-eabi/8.3.1/../../../../arm-none-eabi/lib/thumb/v7e-m/nofp/libg.a(lib_a-mprec.o)
                0x0000000008013638                __mprec_tens
 .rodata.p05.6125
                0x0000000008013700        0xc /home/antodom/installations/ChibiStudio/tools/GNU Tools ARM Embedded/8.3.1 2019q3/bin/../lib/gcc/arm-none-eabi/8.3.1/../../../../arm-none-eabi/lib/thumb/v7e-m/nofp/libg.a(lib_a-mprec.o)
 .rodata._setlocale_r.str1.4
                0x000000000801370c        0xa /home/antodom/installations/ChibiStudio/tools/GNU Tools ARM Embedded/8.3.1 2019q3/bin/../lib/gcc/arm-none-eabi/8.3.1/../../../../arm-none-eabi/lib/thumb/v7e-m/nofp/libg.a(lib_a-locale.o)
                                          0xd (size before relaxing)
 .rodata.str1.4
                0x0000000008013716        0x2 /home/antodom/installations/ChibiStudio/tools/GNU Tools ARM Embedded/8.3.1 2019q3/bin/../lib/gcc/arm-none-eabi/8.3.1/../../../../arm-none-eabi/lib/thumb/v7e-m/nofp/libg.a(lib_a-locale.o)
 *fill*         0x0000000008013716        0x2 
 .rodata._ctype_
                0x0000000008013718      0x101 /home/antodom/installations/ChibiStudio/tools/GNU Tools ARM Embedded/8.3.1 2019q3/bin/../lib/gcc/arm-none-eabi/8.3.1/../../../../arm-none-eabi/lib/thumb/v7e-m/nofp/libg.a(lib_a-ctype_.o)
                0x0000000008013718                _ctype_
                0x000000000801381c                . = ALIGN (0x4)
 *fill*         0x0000000008013819        0x3 
                0x000000000801381c                __rodata_end__ = .

.ARM.extab      0x000000000801381c       0xf0
 *(.ARM.extab* .gnu.linkonce.armextab.*)
 .ARM.extab.text._ZL21base_of_encoded_valuehP15_Unwind_Context
                0x000000000801381c        0xc /home/antodom/installations/ChibiStudio/tools/GNU Tools ARM Embedded/8.3.1 2019q3/bin/../lib/gcc/arm-none-eabi/8.3.1/../../../../arm-none-eabi/lib/thumb/v7e-m/nofp/libstdc++.a(eh_personality.o)
 .ARM.extab.text.__gxx_personality_v0
                0x0000000008013828       0x24 /home/antodom/installations/ChibiStudio/tools/GNU Tools ARM Embedded/8.3.1 2019q3/bin/../lib/gcc/arm-none-eabi/8.3.1/../../../../arm-none-eabi/lib/thumb/v7e-m/nofp/libstdc++.a(eh_personality.o)
 .ARM.extab.text.unlikely.__cxa_call_unexpected
                0x000000000801384c       0x24 /home/antodom/installations/ChibiStudio/tools/GNU Tools ARM Embedded/8.3.1 2019q3/bin/../lib/gcc/arm-none-eabi/8.3.1/../../../../arm-none-eabi/lib/thumb/v7e-m/nofp/libstdc++.a(eh_call.o)
 .ARM.extab.text.__cxa_begin_catch
                0x0000000008013870        0xc /home/antodom/installations/ChibiStudio/tools/GNU Tools ARM Embedded/8.3.1 2019q3/bin/../lib/gcc/arm-none-eabi/8.3.1/../../../../arm-none-eabi/lib/thumb/v7e-m/nofp/libstdc++.a(eh_catch.o)
 .ARM.extab.text._ZN10__cxxabiv111__terminateEPFvvE
                0x000000000801387c       0x2c /home/antodom/installations/ChibiStudio/tools/GNU Tools ARM Embedded/8.3.1 2019q3/bin/../lib/gcc/arm-none-eabi/8.3.1/../../../../arm-none-eabi/lib/thumb/v7e-m/nofp/libstdc++.a(eh_terminate.o)
 .ARM.extab.text._ZN10__cxxabiv112__unexpectedEPFvvE